Component: ARM Compiler 5.05 update 1 (build 106) Tool: armlink [4d0efa]

==============================================================================

Section Cross References

    startup_stm32f429xx.o(RESET) refers to startup_stm32f429xx.o(STACK) for __initial_sp
    startup_stm32f429xx.o(RESET) refers to startup_stm32f429xx.o(.text) for Reset_Handler
    startup_stm32f429xx.o(RESET) refers to stm32f4xx_it.o(i.NMI_Handler) for NMI_Handler
    startup_stm32f429xx.o(RESET) refers to stm32f4xx_it.o(i.HardFault_Handler) for HardFault_Handler
    startup_stm32f429xx.o(RESET) refers to stm32f4xx_it.o(i.MemManage_Handler) for MemManage_Handler
    startup_stm32f429xx.o(RESET) refers to stm32f4xx_it.o(i.BusFault_Handler) for BusFault_Handler
    startup_stm32f429xx.o(RESET) refers to stm32f4xx_it.o(i.UsageFault_Handler) for UsageFault_Handler
    startup_stm32f429xx.o(RESET) refers to stm32f4xx_it.o(i.SVC_Handler) for SVC_Handler
    startup_stm32f429xx.o(RESET) refers to stm32f4xx_it.o(i.DebugMon_Handler) for DebugMon_Handler
    startup_stm32f429xx.o(RESET) refers to stm32f4xx_it.o(i.PendSV_Handler) for PendSV_Handler
    startup_stm32f429xx.o(RESET) refers to stm32f4xx_it.o(i.SysTick_Handler) for SysTick_Handler
    startup_stm32f429xx.o(RESET) refers to stm32f4xx_it.o(i.EXTI0_IRQHandler) for EXTI0_IRQHandler
    startup_stm32f429xx.o(RESET) refers to stm32f4xx_it.o(i.USART1_IRQHandler) for USART1_IRQHandler
    startup_stm32f429xx.o(RESET) refers to stm32f4xx_it.o(i.EXTI15_10_IRQHandler) for EXTI15_10_IRQHandler
    startup_stm32f429xx.o(.text) refers to system_stm32f4xx.o(i.SystemInit) for SystemInit
    startup_stm32f429xx.o(.text) refers to entry.o(.ARM.Collect$$$$00000000) for __main
    main.o(i.Change_LED_Status) refers to stm32f4xx_hal_gpio.o(i.HAL_GPIO_WritePin) for HAL_GPIO_WritePin
    main.o(i.Change_LED_Status) refers to main.o(.data) for .data
    main.o(i.ES8266_MQTT_Init) refers to esp8266_at.o(i.ESP8266_Init) for ESP8266_Init
    main.o(i.ES8266_MQTT_Init) refers to printfa.o(i.__0printf) for __2printf
    main.o(i.ES8266_MQTT_Init) refers to esp8266_at.o(i.ESP8266_ConnectAP) for ESP8266_ConnectAP
    main.o(i.ES8266_MQTT_Init) refers to esp8266_at.o(i.ESP8266_ConnectServer) for ESP8266_ConnectServer
    main.o(i.ES8266_MQTT_Init) refers to esp8266_mqtt.o(i.MQTT_Connect) for MQTT_Connect
    main.o(i.ES8266_MQTT_Init) refers to esp8266_mqtt.o(i.MQTT_SubscribeTopic) for MQTT_SubscribeTopic
    main.o(i.ES8266_MQTT_Init) refers to main.o(i.Enter_ErrorMode) for Enter_ErrorMode
    main.o(i.Enter_ErrorMode) refers to stm32f4xx_hal_gpio.o(i.HAL_GPIO_WritePin) for HAL_GPIO_WritePin
    main.o(i.Enter_ErrorMode) refers to printfa.o(i.__0printf) for __2printf
    main.o(i.Enter_ErrorMode) refers to stm32f4xx_hal.o(i.HAL_Delay) for HAL_Delay
    main.o(i.GetSubStrPos) refers to strlen.o(.text) for strlen
    main.o(i.GetSubStrPos) refers to main.o(i.ReadStrUnit) for ReadStrUnit
    main.o(i.GetSubStrPos) refers to strcmp.o(.text) for strcmp
    main.o(i.GetSubStrPos) refers to main.o(.bss) for .bss
    main.o(i.HAL_GPIO_EXTI_Callback) refers to main.o(i.KEY2_Pressed) for KEY2_Pressed
    main.o(i.HAL_GPIO_EXTI_Callback) refers to main.o(i.KEY1_Pressed) for KEY1_Pressed
    main.o(i.HAL_UART_RxCpltCallback) refers to stm32f4xx_hal_uart.o(i.HAL_UART_Receive_IT) for HAL_UART_Receive_IT
    main.o(i.HAL_UART_RxCpltCallback) refers to esp8266_at.o(.data) for usart1_rxone
    main.o(i.HAL_UART_RxCpltCallback) refers to esp8266_at.o(.bss) for usart1_rxbuf
    main.o(i.HAL_UART_RxCpltCallback) refers to esp8266_at.o(.data) for usart1_rxcounter
    main.o(i.HAL_UART_RxCpltCallback) refers to usart.o(.bss) for huart1
    main.o(i.KEY1_Pressed) refers to printfa.o(i.__0printf) for __2printf
    main.o(i.KEY1_Pressed) refers to main.o(i.Change_LED_Status) for Change_LED_Status
    main.o(i.KEY2_Pressed) refers to printfa.o(i.__0printf) for __2printf
    main.o(i.STM32DHT11_StatusReport) refers to hal_temp_hum.o(i.dht11Read) for dht11Read
    main.o(i.STM32DHT11_StatusReport) refers to stm32f4xx_hal_gpio.o(i.HAL_GPIO_ReadPin) for HAL_GPIO_ReadPin
    main.o(i.STM32DHT11_StatusReport) refers to dfltui.o(.text) for __aeabi_ui2d
    main.o(i.STM32DHT11_StatusReport) refers to printfa.o(i.__0sprintf) for __2sprintf
    main.o(i.STM32DHT11_StatusReport) refers to esp8266_mqtt.o(i.MQTT_PublishData) for MQTT_PublishData
    main.o(i.STM32DHT11_StatusReport) refers to printfa.o(i.__0printf) for __2printf
    main.o(i.STM32DHT11_StatusReport) refers to main.o(.conststring) for .conststring
    main.o(i.STM32DHT11_StatusReport) refers to main.o(.bss) for .bss
    main.o(i.SystemClock_Config) refers to memseta.o(.text) for __aeabi_memclr4
    main.o(i.SystemClock_Config) refers to stm32f4xx_hal_rcc.o(i.HAL_RCC_OscConfig) for HAL_RCC_OscConfig
    main.o(i.SystemClock_Config) refers to stm32f4xx_hal_pwr_ex.o(i.HAL_PWREx_EnableOverDrive) for HAL_PWREx_EnableOverDrive
[...]
    Removing stm32f4xx_hal_gpio.o(i.HAL_GPIO_EXTI_Callback), (2 bytes).
    Removing stm32f4xx_hal_gpio.o(i.HAL_GPIO_LockPin), (34 bytes).
    Removing stm32f4xx_hal_gpio.o(i.HAL_GPIO_TogglePin), (14 bytes).
    Removing stm32f4xx_hal_dma_ex.o(.rev16_text), (4 bytes).
    Removing stm32f4xx_hal_dma_ex.o(.revsh_text), (4 bytes).
    Removing stm32f4xx_hal_dma_ex.o(.rrx_text), (6 bytes).
    Removing stm32f4xx_hal_dma_ex.o(i.DMA_MultiBufferSetConfig), (30 bytes).
    Removing stm32f4xx_hal_dma_ex.o(i.HAL_DMAEx_ChangeMemory), (14 bytes).
    Removing stm32f4xx_hal_dma_ex.o(i.HAL_DMAEx_MultiBufferStart), (100 bytes).
    Removing stm32f4xx_hal_dma_ex.o(i.HAL_DMAEx_MultiBufferStart_IT), (2432 bytes).
    Removing stm32f4xx_hal_dma.o(.rev16_text), (4 bytes).
    Removing stm32f4xx_hal_dma.o(.revsh_text), (4 bytes).
    Removing stm32f4xx_hal_dma.o(.rrx_text), (6 bytes).
    Removing stm32f4xx_hal_dma.o(i.DMA_CalcBaseAndBitshift), (40 bytes).
    Removing stm32f4xx_hal_dma.o(i.DMA_CheckFifoParam), (84 bytes).
    Removing stm32f4xx_hal_dma.o(i.DMA_SetConfig), (40 bytes).
    Removing stm32f4xx_hal_dma.o(i.HAL_DMA_Abort), (142 bytes).
    Removing stm32f4xx_hal_dma.o(i.HAL_DMA_DeInit), (98 bytes).
    Removing stm32f4xx_hal_dma.o(i.HAL_DMA_GetError), (4 bytes).
    Removing stm32f4xx_hal_dma.o(i.HAL_DMA_GetState), (6 bytes).
    Removing stm32f4xx_hal_dma.o(i.HAL_DMA_IRQHandler), (416 bytes).
    Removing stm32f4xx_hal_dma.o(i.HAL_DMA_Init), (212 bytes).
    Removing stm32f4xx_hal_dma.o(i.HAL_DMA_PollForTransfer), (292 bytes).
    Removing stm32f4xx_hal_dma.o(i.HAL_DMA_RegisterCallback), (80 bytes).
    Removing stm32f4xx_hal_dma.o(i.HAL_DMA_Start), (70 bytes).
    Removing stm32f4xx_hal_dma.o(i.HAL_DMA_Start_IT), (110 bytes).
    Removing stm32f4xx_hal_dma.o(i.HAL_DMA_UnRegisterCallback), (96 bytes).
    Removing stm32f4xx_hal_dma.o(.constdata), (8 bytes).
    Removing stm32f4xx_hal_pwr.o(.rev16_text), (4 bytes).
    Removing stm32f4xx_hal_pwr.o(.revsh_text), (4 bytes).
    Removing stm32f4xx_hal_pwr.o(.rrx_text), (6 bytes).
    Removing stm32f4xx_hal_pwr.o(i.HAL_PWR_ConfigPVD), (124 bytes).
    Removing stm32f4xx_hal_pwr.o(i.HAL_PWR_DeInit), (24 bytes).
    Removing stm32f4xx_hal_pwr.o(i.HAL_PWR_DisableBkUpAccess), (12 bytes).
    Removing stm32f4xx_hal_pwr.o(i.HAL_PWR_DisablePVD), (12 bytes).
    Removing stm32f4xx_hal_pwr.o(i.HAL_PWR_DisableSEVOnPend), (16 bytes).
    Removing stm32f4xx_hal_pwr.o(i.HAL_PWR_DisableSleepOnExit), (16 bytes).
    Removing stm32f4xx_hal_pwr.o(i.HAL_PWR_DisableWakeUpPin), (16 bytes).
    Removing stm32f4xx_hal_pwr.o(i.HAL_PWR_EnableBkUpAccess), (12 bytes).
    Removing stm32f4xx_hal_pwr.o(i.HAL_PWR_EnablePVD), (12 bytes).
    Removing stm32f4xx_hal_pwr.o(i.HAL_PWR_EnableSEVOnPend), (16 bytes).
    Removing stm32f4xx_hal_pwr.o(i.HAL_PWR_EnableSleepOnExit), (16 bytes).
    Removing stm32f4xx_hal_pwr.o(i.HAL_PWR_EnableWakeUpPin), (16 bytes).
    Removing stm32f4xx_hal_pwr.o(i.HAL_PWR_EnterSLEEPMode), (32 bytes).
    Removing stm32f4xx_hal_pwr.o(i.HAL_PWR_EnterSTANDBYMode), (32 bytes).
    Removing stm32f4xx_hal_pwr.o(i.HAL_PWR_EnterSTOPMode), (56 bytes).
    Removing stm32f4xx_hal_pwr.o(i.HAL_PWR_PVDCallback), (2 bytes).
    Removing stm32f4xx_hal_pwr.o(i.HAL_PWR_PVD_IRQHandler), (28 bytes).
    Removing stm32f4xx_hal_pwr_ex.o(.rev16_text), (4 bytes).
    Removing stm32f4xx_hal_pwr_ex.o(.revsh_text), (4 bytes).
    Removing stm32f4xx_hal_pwr_ex.o(.rrx_text), (6 bytes).
    Removing stm32f4xx_hal_pwr_ex.o(i.HAL_PWREx_ControlVoltageScaling), (176 bytes).
    Removing stm32f4xx_hal_pwr_ex.o(i.HAL_PWREx_DisableBkUpReg), (60 bytes).
    Removing stm32f4xx_hal_pwr_ex.o(i.HAL_PWREx_DisableFlashPowerDown), (12 bytes).
    Removing stm32f4xx_hal_pwr_ex.o(i.HAL_PWREx_DisableOverDrive), (112 bytes).
    Removing stm32f4xx_hal_pwr_ex.o(i.HAL_PWREx_EnableBkUpReg), (60 bytes).
    Removing stm32f4xx_hal_pwr_ex.o(i.HAL_PWREx_EnableFlashPowerDown), (12 bytes).
    Removing stm32f4xx_hal_pwr_ex.o(i.HAL_PWREx_EnterUnderDriveSTOPMode), (96 bytes).
    Removing stm32f4xx_hal_pwr_ex.o(i.HAL_PWREx_GetVoltageRange), (16 bytes).
    Removing stm32f4xx_hal_cortex.o(.rev16_text), (4 bytes).
    Removing stm32f4xx_hal_cortex.o(.revsh_text), (4 bytes).
    Removing stm32f4xx_hal_cortex.o(.rrx_text), (6 bytes).
    Removing stm32f4xx_hal_cortex.o(i.HAL_MPU_ConfigRegion), (84 bytes).
    Removing stm32f4xx_hal_cortex.o(i.HAL_MPU_Disable), (28 bytes).
    Removing stm32f4xx_hal_cortex.o(i.HAL_MPU_Enable), (36 bytes).
    Removing stm32f4xx_hal_cortex.o(i.HAL_NVIC_ClearPendingIRQ), (26 bytes).
    Removing stm32f4xx_hal_cortex.o(i.HAL_NVIC_DisableIRQ), (34 bytes).
    Removing stm32f4xx_hal_cortex.o(i.HAL_NVIC_GetActive), (36 bytes).
    Removing stm32f4xx_hal_cortex.o(i.HAL_NVIC_GetPendingIRQ), (36 bytes).
    Removing stm32f4xx_hal_cortex.o(i.HAL_NVIC_GetPriority), (82 bytes).
    Removing stm32f4xx_hal_cortex.o(i.HAL_NVIC_GetPriorityGrouping), (16 bytes).
    Removing stm32f4xx_hal_cortex.o(i.HAL_NVIC_SetPendingIRQ), (26 bytes).
    Removing stm32f4xx_hal_cortex.o(i.HAL_NVIC_SystemReset), (36 bytes).
    Removing stm32f4xx_hal_cortex.o(i.HAL_SYSTICK_CLKSourceConfig), (24 bytes).
    Removing stm32f4xx_hal_cortex.o(i.HAL_SYSTICK_Callback), (2 bytes).
    Removing stm32f4xx_hal_cortex.o(i.HAL_SYSTICK_IRQHandler), (8 bytes).
    Removing stm32f4xx_hal.o(.rev16_text), (4 bytes).
    Removing stm32f4xx_hal.o(.revsh_text), (4 bytes).
    Removing stm32f4xx_hal.o(.rrx_text), (6 bytes).
    Removing stm32f4xx_hal.o(i.HAL_DBGMCU_DisableDBGSleepMode), (16 bytes).
    Removing stm32f4xx_hal.o(i.HAL_DBGMCU_DisableDBGStandbyMode), (16 bytes).
    Removing stm32f4xx_hal.o(i.HAL_DBGMCU_DisableDBGStopMode), (16 bytes).
    Removing stm32f4xx_hal.o(i.HAL_DBGMCU_EnableDBGSleepMode), (16 bytes).
    Removing stm32f4xx_hal.o(i.HAL_DBGMCU_EnableDBGStandbyMode), (16 bytes).
    Removing stm32f4xx_hal.o(i.HAL_DBGMCU_EnableDBGStopMode), (16 bytes).
    Removing stm32f4xx_hal.o(i.HAL_DeInit), (52 bytes).
    Removing stm32f4xx_hal.o(i.HAL_DisableCompensationCell), (12 bytes).
    Removing stm32f4xx_hal.o(i.HAL_DisableMemorySwappingBank), (12 bytes).
    Removing stm32f4xx_hal.o(i.HAL_EnableCompensationCell), (12 bytes).
    Removing stm32f4xx_hal.o(i.HAL_EnableMemorySwappingBank), (12 bytes).
    Removing stm32f4xx_hal.o(i.HAL_GetDEVID), (16 bytes).
    Removing stm32f4xx_hal.o(i.HAL_GetHalVersion), (8 bytes).
    Removing stm32f4xx_hal.o(i.HAL_GetREVID), (12 bytes).
    Removing stm32f4xx_hal.o(i.HAL_GetTickFreq), (12 bytes).
    Removing stm32f4xx_hal.o(i.HAL_GetTickPrio), (12 bytes).
    Removing stm32f4xx_hal.o(i.HAL_GetUIDw0), (12 bytes).
    Removing stm32f4xx_hal.o(i.HAL_GetUIDw1), (12 bytes).
    Removing stm32f4xx_hal.o(i.HAL_GetUIDw2), (12 bytes).
    Removing stm32f4xx_hal.o(i.HAL_MspDeInit), (2 bytes).
    Removing stm32f4xx_hal.o(i.HAL_MspInit), (2 bytes).
    Removing stm32f4xx_hal.o(i.HAL_ResumeTick), (14 bytes).
    Removing stm32f4xx_hal.o(i.HAL_SetTickFreq), (36 bytes).
    Removing stm32f4xx_hal.o(i.HAL_SuspendTick), (14 bytes).
    Removing stm32f4xx_hal_exti.o(.rev16_text), (4 bytes).
    Removing stm32f4xx_hal_exti.o(.revsh_text), (4 bytes).
    Removing stm32f4xx_hal_exti.o(.rrx_text), (6 bytes).
    Removing stm32f4xx_hal_exti.o(i.HAL_EXTI_ClearConfigLine), (108 bytes).
    Removing stm32f4xx_hal_exti.o(i.HAL_EXTI_ClearPending), (20 bytes).
    Removing stm32f4xx_hal_exti.o(i.HAL_EXTI_GenerateSWI), (20 bytes).
    Removing stm32f4xx_hal_exti.o(i.HAL_EXTI_GetConfigLine), (156 bytes).
    Removing stm32f4xx_hal_exti.o(i.HAL_EXTI_GetHandle), (12 bytes).
    Removing stm32f4xx_hal_exti.o(i.HAL_EXTI_GetPending), (24 bytes).
    Removing stm32f4xx_hal_exti.o(i.HAL_EXTI_IRQHandler), (36 bytes).
    Removing stm32f4xx_hal_exti.o(i.HAL_EXTI_RegisterCallback), (14 bytes).
    Removing stm32f4xx_hal_exti.o(i.HAL_EXTI_SetConfigLine), (168 bytes).
    Removing stm32f4xx_hal_uart.o(.rev16_text), (4 bytes).
    Removing stm32f4xx_hal_uart.o(.revsh_text), (4 bytes).
    Removing stm32f4xx_hal_uart.o(.rrx_text), (6 bytes).
    Removing stm32f4xx_hal_uart.o(i.HAL_HalfDuplex_EnableReceiver), (50 bytes).
    Removing stm32f4xx_hal_uart.o(i.HAL_HalfDuplex_EnableTransmitter), (50 bytes).
    Removing stm32f4xx_hal_uart.o(i.HAL_HalfDuplex_Init), (108 bytes).
    Removing stm32f4xx_hal_uart.o(i.HAL_LIN_Init), (128 bytes).
    Removing stm32f4xx_hal_uart.o(i.HAL_LIN_SendBreak), (46 bytes).
    Removing stm32f4xx_hal_uart.o(i.HAL_MultiProcessor_EnterMuteMode), (46 bytes).
    Removing stm32f4xx_hal_uart.o(i.HAL_MultiProcessor_ExitMuteMode), (46 bytes).
    Removing stm32f4xx_hal_uart.o(i.HAL_MultiProcessor_Init), (142 bytes).
    Removing stm32f4xx_hal_uart.o(i.HAL_UART_Abort), (138 bytes).
    Removing stm32f4xx_hal_uart.o(i.HAL_UART_AbortCpltCallback), (2 bytes).
    Removing stm32f4xx_hal_uart.o(i.HAL_UART_AbortReceive), (88 bytes).
    Removing stm32f4xx_hal_uart.o(i.HAL_UART_AbortReceiveCpltCallback), (2 bytes).
    Removing stm32f4xx_hal_uart.o(i.HAL_UART_AbortReceive_IT), (92 bytes).
    Removing stm32f4xx_hal_uart.o(i.HAL_UART_AbortTransmit), (78 bytes).
    Removing stm32f4xx_hal_uart.o(i.HAL_UART_AbortTransmitCpltCallback), (2 bytes).
    Removing stm32f4xx_hal_uart.o(i.HAL_UART_AbortTransmit_IT), (84 bytes).
    Removing stm32f4xx_hal_uart.o(i.HAL_UART_Abort_IT), (172 bytes).
    Removing stm32f4xx_hal_uart.o(i.HAL_UART_DMAPause), (102 bytes).
    Removing stm32f4xx_hal_uart.o(i.HAL_UART_DMAResume), (94 bytes).
    Removing stm32f4xx_hal_uart.o(i.HAL_UART_DMAStop), (88 bytes).
    Removing stm32f4xx_hal_uart.o(i.HAL_UART_DeInit), (50 bytes).
    Removing stm32f4xx_hal_uart.o(i.HAL_UART_GetError), (4 bytes).
    Removing stm32f4xx_hal_uart.o(i.HAL_UART_GetState), (10 bytes).
    Removing stm32f4xx_hal_uart.o(i.HAL_UART_MspDeInit), (2 bytes).
    Removing stm32f4xx_hal_uart.o(i.HAL_UART_MspInit), (2 bytes).
    Removing stm32f4xx_hal_uart.o(i.HAL_UART_Receive), (190 bytes).
    Removing stm32f4xx_hal_uart.o(i.HAL_UART_Receive_DMA), (152 bytes).
    Removing stm32f4xx_hal_uart.o(i.HAL_UART_RxCpltCallback), (2 bytes).
    Removing stm32f4xx_hal_uart.o(i.HAL_UART_RxHalfCpltCallback), (2 bytes).
    Removing stm32f4xx_hal_uart.o(i.HAL_UART_Transmit_DMA), (128 bytes).
    Removing stm32f4xx_hal_uart.o(i.HAL_UART_Transmit_IT), (62 bytes).
    Removing stm32f4xx_hal_uart.o(i.HAL_UART_TxHalfCpltCallback), (2 bytes).
    Removing stm32f4xx_hal_uart.o(i.UART_DMAError), (74 bytes).
    Removing stm32f4xx_hal_uart.o(i.UART_DMAReceiveCplt), (60 bytes).
    Removing stm32f4xx_hal_uart.o(i.UART_DMARxAbortCallback), (42 bytes).
    Removing stm32f4xx_hal_uart.o(i.UART_DMARxHalfCplt), (10 bytes).
    Removing stm32f4xx_hal_uart.o(i.UART_DMARxOnlyAbortCallback), (20 bytes).
    Removing stm32f4xx_hal_uart.o(i.UART_DMATransmitCplt), (46 bytes).
    Removing stm32f4xx_hal_uart.o(i.UART_DMATxAbortCallback), (42 bytes).
    Removing stm32f4xx_hal_uart.o(i.UART_DMATxHalfCplt), (10 bytes).
    Removing stm32f4xx_hal_uart.o(i.UART_DMATxOnlyAbortCallback), (20 bytes).
    Removing stm32f4xx_hal_uart.o(i.UART_EndTxTransfer), (18 bytes).
    Removing system_stm32f4xx.o(.rev16_text), (4 bytes).
    Removing system_stm32f4xx.o(.revsh_text), (4 bytes).
    Removing system_stm32f4xx.o(.rrx_text), (6 bytes).
    Removing system_stm32f4xx.o(i.SystemCoreClockUpdate), (124 bytes).
    Removing hal_temp_hum.o(.rev16_text), (4 bytes).
    Removing hal_temp_hum.o(.revsh_text), (4 bytes).
    Removing hal_temp_hum.o(.rrx_text), (6 bytes).
    Removing hal_temp_hum.o(i.dht11Init), (28 bytes).
    Removing esp8266_at.o(.rev16_text), (4 bytes).
    Removing esp8266_at.o(.revsh_text), (4 bytes).
    Removing esp8266_at.o(.rrx_text), (6 bytes).
    Removing esp8266_at.o(i.DisconnectServer), (92 bytes).
    Removing esp8266_at.o(i.ESP8266_Restore), (40 bytes).
    Removing esp8266_mqtt.o(.rev16_text), (4 bytes).
    Removing esp8266_mqtt.o(.revsh_text), (4 bytes).
    Removing esp8266_mqtt.o(.rrx_text), (6 bytes).
    Removing esp8266_mqtt.o(i.MQTT_Disconnect), (12 bytes).
    Removing esp8266_mqtt.o(i.MQTT_Init), (56 bytes).
    Removing esp8266_mqtt.o(i.MQTT_SentHeart), (12 bytes).
    Removing esp8266_mqtt.o(.constdata), (4 bytes).
    Removing esp8266_mqtt.o(.constdata), (4 bytes).
    Removing esp8266_mqtt.o(.constdata), (2 bytes).
    Removing esp8266_mqtt.o(.constdata), (2 bytes).

426 unused section(s) (total 27104 bytes) removed from the image.

==============================================================================

Image Symbol Table

    Local Symbols

    Symbol Name                              Value     Ov Type        Size  Object(Section)

    ../Drivers/STM32F4xx_HAL_Driver/Src/stm32f4xx_hal.c 0x00000000   Number         0  stm32f4xx_hal.o ABSOLUTE
    ../Drivers/STM32F4xx_HAL_Driver/Src/stm32f4xx_hal_cortex.c 0x00000000   Number         0  stm32f4xx_hal_cortex.o ABSOLUTE
    ../Drivers/STM32F4xx_HAL_Driver/Src/stm32f4xx_hal_dma.c 0x00000000   Number         0  stm32f4xx_hal_dma.o ABSOLUTE
    ../Drivers/STM32F4xx_HAL_Driver/Src/stm32f4xx_hal_dma_ex.c 0x00000000   Number         0  stm32f4xx_hal_dma_ex.o ABSOLUTE
    ../Drivers/STM32F4xx_HAL_Driver/Src/stm32f4xx_hal_exti.c 0x00000000   Number         0  stm32f4xx_hal_exti.o ABSOLUTE
    ../Drivers/STM32F4xx_HAL_Driver/Src/stm32f4xx_hal_flash.c 0x00000000   Number         0  stm32f4xx_hal_flash.o ABSOLUTE
    ../Drivers/STM32F4xx_HAL_Driver/Src/stm32f4xx_hal_flash_ex.c 0x00000000   Number         0  stm32f4xx_hal_flash_ex.o ABSOLUTE
    ../Drivers/STM32F4xx_HAL_Driver/Src/stm32f4xx_hal_flash_ramfunc.c 0x00000000   Number         0  stm32f4xx_hal_flash_ramfunc.o ABSOLUTE
    ../Drivers/STM32F4xx_HAL_Driver/Src/stm32f4xx_hal_gpio.c 0x00000000   Number         0  stm32f4xx_hal_gpio.o ABSOLUTE
    ../Drivers/STM32F4xx_HAL_Driver/Src/stm32f4xx_hal_pwr.c 0x00000000   Number         0  stm32f4xx_hal_pwr.o ABSOLUTE
    ../Drivers/STM32F4xx_HAL_Driver/Src/stm32f4xx_hal_pwr_ex.c 0x00000000   Number         0  stm32f4xx_hal_pwr_ex.o ABSOLUTE
    ../Drivers/STM32F4xx_HAL_Driver/Src/stm32f4xx_hal_rcc.c 0x00000000   Number         0  stm32f4xx_hal_rcc.o ABSOLUTE
    ../Drivers/STM32F4xx_HAL_Driver/Src/stm32f4xx_hal_rcc_ex.c 0x00000000   Number         0  stm32f4xx_hal_rcc_ex.o ABSOLUTE
    ../Drivers/STM32F4xx_HAL_Driver/Src/stm32f4xx_hal_tim.c 0x00000000   Number         0  stm32f4xx_hal_tim.o ABSOLUTE
    ../Drivers/STM32F4xx_HAL_Driver/Src/stm32f4xx_hal_tim_ex.c 0x00000000   Number         0  stm32f4xx_hal_tim_ex.o ABSOLUTE
    ../Drivers/STM32F4xx_HAL_Driver/Src/stm32f4xx_hal_uart.c 0x00000000   Number         0  stm32f4xx_hal_uart.o ABSOLUTE
    ../Src/gpio.c                            0x00000000   Number         0  gpio.o ABSOLUTE
    ../Src/main.c                            0x00000000   Number         0  main.o ABSOLUTE
    ../Src/stm32f4xx_hal_msp.c               0x00000000   Number         0  stm32f4xx_hal_msp.o ABSOLUTE
    ../Src/stm32f4xx_it.c                    0x00000000   Number         0  stm32f4xx_it.o ABSOLUTE
    ../Src/system_stm32f4xx.c                0x00000000   Number         0  system_stm32f4xx.o ABSOLUTE
    ../Src/tim.c                             0x00000000   Number         0  tim.o ABSOLUTE
    ../Src/usart.c                           0x00000000   Number         0  usart.o ABSOLUTE
    ../clib/microlib/division.c              0x00000000   Number         0  uldiv.o ABSOLUTE
    ../clib/microlib/division.c              0x00000000   Number         0  uidiv.o ABSOLUTE
    ../clib/microlib/init/entry.s            0x00000000   Number         0  entry11b.o ABSOLUTE
    ../clib/microlib/init/entry.s            0x00000000   Number         0  entry8a.o ABSOLUTE
    ../clib/microlib/init/entry.s            0x00000000   Number         0  entry7b.o ABSOLUTE
    ../clib/microlib/init/entry.s            0x00000000   Number         0  entry7a.o ABSOLUTE
    ../clib/microlib/init/entry.s            0x00000000   Number         0  entry5.o ABSOLUTE
    ../clib/microlib/init/entry.s            0x00000000   Number         0  entry11a.o ABSOLUTE
    ../clib/microlib/init/entry.s            0x00000000   Number         0  entry9a.o ABSOLUTE
    ../clib/microlib/init/entry.s            0x00000000   Number         0  entry2.o ABSOLUTE
    ../clib/microlib/init/entry.s            0x00000000   Number         0  entry9b.o ABSOLUTE
    ../clib/microlib/init/entry.s            0x00000000   Number         0  entry10a.o ABSOLUTE
    ../clib/microlib/init/entry.s            0x00000000   Number         0  entry10b.o ABSOLUTE
    ../clib/microlib/init/entry.s            0x00000000   Number         0  entry.o ABSOLUTE
    ../clib/microlib/init/entry.s            0x00000000   Number         0  entry8b.o ABSOLUTE
    ../clib/microlib/longlong.c              0x00000000   Number         0  llsshr.o ABSOLUTE
    ../clib/microlib/longlong.c              0x00000000   Number         0  llshl.o ABSOLUTE
    ../clib/microlib/longlong.c              0x00000000   Number         0  llushr.o ABSOLUTE
    ../clib/microlib/printf/printf.c         0x00000000   Number         0  printfb.o ABSOLUTE
    ../clib/microlib/printf/printf.c         0x00000000   Number         0  printf0.o ABSOLUTE
    ../clib/microlib/printf/printf.c         0x00000000   Number         0  printf7.o ABSOLUTE
    ../clib/microlib/printf/printf.c         0x00000000   Number         0  printf8.o ABSOLUTE
    ../clib/microlib/printf/printf.c         0x00000000   Number         0  printfa.o ABSOLUTE
    ../clib/microlib/printf/printf.c         0x00000000   Number         0  printf5.o ABSOLUTE
    ../clib/microlib/printf/printf.c         0x00000000   Number         0  printf4.o ABSOLUTE
    ../clib/microlib/printf/printf.c         0x00000000   Number         0  printf3.o ABSOLUTE
    ../clib/microlib/printf/printf.c         0x00000000   Number         0  printf6.o ABSOLUTE
    ../clib/microlib/printf/printf.c         0x00000000   Number         0  printf2.o ABSOLUTE
    ../clib/microlib/printf/printf.c         0x00000000   Number         0  printf1.o ABSOLUTE
    ../clib/microlib/printf/stubs.s          0x00000000   Number         0  stubs.o ABSOLUTE
    ../clib/microlib/stdio/streams.c         0x00000000   Number         0  stdout.o ABSOLUTE
    ../clib/microlib/string/memcpy.c         0x00000000   Number         0  memcpyb.o ABSOLUTE
    ../clib/microlib/string/memcpy.c         0x00000000   Number         0  memcpya.o ABSOLUTE
    ../clib/microlib/string/memset.c         0x00000000   Number         0  memseta.o ABSOLUTE
    ../clib/microlib/string/strcmp.c         0x00000000   Number         0  strcmp.o ABSOLUTE
    ../clib/microlib/string/strlen.c         0x00000000   Number         0  strlen.o ABSOLUTE
    ../clib/microlib/string/strstr.c         0x00000000   Number         0  strstr.o ABSOLUTE
    ../clib/microlib/stubs.s                 0x00000000   Number         0  iusefp.o ABSOLUTE
    ../fplib/microlib/fpadd.c                0x00000000   Number         0  dadd.o ABSOLUTE
    ../fplib/microlib/fpdiv.c                0x00000000   Number         0  ddiv.o ABSOLUTE
    ../fplib/microlib/fpepilogue.c           0x00000000   Number         0  depilogue.o ABSOLUTE
    ../fplib/microlib/fpfix.c                0x00000000   Number         0  dfixul.o ABSOLUTE
    ../fplib/microlib/fpflt.c                0x00000000   Number         0  dfltui.o ABSOLUTE
    ../fplib/microlib/fpmul.c                0x00000000   Number         0  dmul.o ABSOLUTE
    ..\BSP\DHT11\hal_temp_hum.c              0x00000000   Number         0  hal_temp_hum.o ABSOLUTE
    ..\BSP\ESP8266\esp8266_at.c              0x00000000   Number         0  esp8266_at.o ABSOLUTE
    ..\BSP\MQTT\esp8266_mqtt.c               0x00000000   Number         0  esp8266_mqtt.o ABSOLUTE
    ..\Drivers\STM32F4xx_HAL_Driver\Src\stm32f4xx_hal.c 0x00000000   Number         0  stm32f4xx_hal.o ABSOLUTE
    ..\Drivers\STM32F4xx_HAL_Driver\Src\stm32f4xx_hal_cortex.c 0x00000000   Number         0  stm32f4xx_hal_cortex.o ABSOLUTE
    ..\Drivers\STM32F4xx_HAL_Driver\Src\stm32f4xx_hal_dma.c 0x00000000   Number         0  stm32f4xx_hal_dma.o ABSOLUTE
    ..\Drivers\STM32F4xx_HAL_Driver\Src\stm32f4xx_hal_dma_ex.c 0x00000000   Number         0  stm32f4xx_hal_dma_ex.o ABSOLUTE
    ..\Drivers\STM32F4xx_HAL_Driver\Src\stm32f4xx_hal_exti.c 0x00000000   Number         0  stm32f4xx_hal_exti.o ABSOLUTE
    ..\Drivers\STM32F4xx_HAL_Driver\Src\stm32f4xx_hal_flash.c 0x00000000   Number         0  stm32f4xx_hal_flash.o ABSOLUTE
    ..\Drivers\STM32F4xx_HAL_Driver\Src\stm32f4xx_hal_flash_ex.c 0x00000000   Number         0  stm32f4xx_hal_flash_ex.o ABSOLUTE
    ..\Drivers\STM32F4xx_HAL_Driver\Src\stm32f4xx_hal_flash_ramfunc.c 0x00000000   Number         0  stm32f4xx_hal_flash_ramfunc.o ABSOLUTE
    ..\Drivers\STM32F4xx_HAL_Driver\Src\stm32f4xx_hal_gpio.c 0x00000000   Number         0  stm32f4xx_hal_gpio.o ABSOLUTE
    ..\Drivers\STM32F4xx_HAL_Driver\Src\stm32f4xx_hal_pwr.c 0x00000000   Number         0  stm32f4xx_hal_pwr.o ABSOLUTE
    ..\Drivers\STM32F4xx_HAL_Driver\Src\stm32f4xx_hal_pwr_ex.c 0x00000000   Number         0  stm32f4xx_hal_pwr_ex.o ABSOLUTE
    ..\Drivers\STM32F4xx_HAL_Driver\Src\stm32f4xx_hal_rcc.c 0x00000000   Number         0  stm32f4xx_hal_rcc.o ABSOLUTE
    ..\Drivers\STM32F4xx_HAL_Driver\Src\stm32f4xx_hal_rcc_ex.c 0x00000000   Number         0  stm32f4xx_hal_rcc_ex.o ABSOLUTE
    ..\Drivers\STM32F4xx_HAL_Driver\Src\stm32f4xx_hal_tim.c 0x00000000   Number         0  stm32f4xx_hal_tim.o ABSOLUTE
    ..\Drivers\STM32F4xx_HAL_Driver\Src\stm32f4xx_hal_tim_ex.c 0x00000000   Number         0  stm32f4xx_hal_tim_ex.o ABSOLUTE
    ..\Drivers\STM32F4xx_HAL_Driver\Src\stm32f4xx_hal_uart.c 0x00000000   Number         0  stm32f4xx_hal_uart.o ABSOLUTE
    ..\Src\gpio.c                            0x00000000   Number         0  gpio.o ABSOLUTE
    ..\Src\main.c                            0x00000000   Number         0  main.o ABSOLUTE
    ..\Src\stm32f4xx_hal_msp.c               0x00000000   Number         0  stm32f4xx_hal_msp.o ABSOLUTE
    ..\Src\stm32f4xx_it.c                    0x00000000   Number         0  stm32f4xx_it.o ABSOLUTE
    ..\Src\system_stm32f4xx.c                0x00000000   Number         0  system_stm32f4xx.o ABSOLUTE
    ..\Src\tim.c                             0x00000000   Number         0  tim.o ABSOLUTE
    ..\Src\usart.c                           0x00000000   Number         0  usart.o ABSOLUTE
    ..\\BSP\\DHT11\\hal_temp_hum.c           0x00000000   Number         0  hal_temp_hum.o ABSOLUTE
    ..\\BSP\\ESP8266\\esp8266_at.c           0x00000000   Number         0  esp8266_at.o ABSOLUTE
    ..\\BSP\\MQTT\\esp8266_mqtt.c            0x00000000   Number         0  esp8266_mqtt.o ABSOLUTE
    cdrcmple.s                               0x00000000   Number         0  cdrcmple.o ABSOLUTE
    dc.s                                     0x00000000   Number         0  dc.o ABSOLUTE
    handlers.s                               0x00000000   Number         0  handlers.o ABSOLUTE
    init.s                                   0x00000000   Number         0  init.o ABSOLUTE
    startup_stm32f429xx.s                    0x00000000   Number         0  startup_stm32f429xx.o ABSOLUTE
    RESET                                    0x08000000   Section      428  startup_stm32f429xx.o(RESET)
    .ARM.Collect$$$$00000000                 0x080001ac   Section        0  entry.o(.ARM.Collect$$$$00000000)
    .ARM.Collect$$$$00000001                 0x080001ac   Section        4  entry2.o(.ARM.Collect$$$$00000001)
    .ARM.Collect$$$$00000004                 0x080001b0   Section        4  entry5.o(.ARM.Collect$$$$00000004)
    .ARM.Collect$$$$00000008                 0x080001b4   Section        0  entry7b.o(.ARM.Collect$$$$00000008)
    .ARM.Collect$$$$0000000A                 0x080001b4   Section        0  entry8b.o(.ARM.Collect$$$$0000000A)
    .ARM.Collect$$$$0000000B                 0x080001b4   Section        8  entry9a.o(.ARM.Collect$$$$0000000B)
    .ARM.Collect$$$$0000000D                 0x080001bc   Section        0  entry10a.o(.ARM.Collect$$$$0000000D)
    .ARM.Collect$$$$0000000F                 0x080001bc   Section        0  entry11a.o(.ARM.Collect$$$$0000000F)
    .ARM.Collect$$$$00002712                 0x080001bc   Section        4  entry2.o(.ARM.Collect$$$$00002712)
    __lit__00000000                          0x080001bc   Data           4  entry2.o(.ARM.Collect$$$$00002712)
    .text                                    0x080001c0   Section       36  startup_stm32f429xx.o(.text)
    $v0                                      0x080001c0   Number         0  startup_stm32f429xx.o(.text)
    .text                                    0x080001e4   Section        0  uldiv.o(.text)
    .text                                    0x08000246   Section        0  memcpya.o(.text)
    .text                                    0x0800026a   Section        0  memseta.o(.text)
    .text                                    0x0800028e   Section        0  strstr.o(.text)
    .text                                    0x080002b2   Section        0  strlen.o(.text)
    .text                                    0x080002c0   Section        0  strcmp.o(.text)
    .text                                    0x080002dc   Section        0  dfltui.o(.text)
    .text                                    0x080002f6   Section        0  uidiv.o(.text)
    .text                                    0x08000322   Section        0  llshl.o(.text)
    .text                                    0x08000340   Section        0  llushr.o(.text)
    .text                                    0x08000360   Section        0  depilogue.o(.text)
    .text                                    0x08000360   Section        0  iusefp.o(.text)
    .text                                    0x0800041a   Section        0  dadd.o(.text)
    .text                                    0x08000568   Section        0  dmul.o(.text)
    .text                                    0x0800064c   Section        0  ddiv.o(.text)
    .text                                    0x0800072a   Section        0  dfixul.o(.text)
    .text                                    0x0800075c   Section       48  cdrcmple.o(.text)
    .text                                    0x0800078c   Section       36  init.o(.text)
    .text                                    0x080007b0   Section        0  llsshr.o(.text)
    i.BusFault_Handler                       0x080007d4   Section        0  stm32f4xx_it.o(i.BusFault_Handler)
    i.Change_LED_Status                      0x080007d8   Section        0  main.o(i.Change_LED_Status)
    i.DHT11_IO_IN                            0x08000874   Section        0  hal_temp_hum.o(i.DHT11_IO_IN)
    i.DHT11_IO_OUT                           0x08000898   Section        0  hal_temp_hum.o(i.DHT11_IO_OUT)
    i.DebugMon_Handler                       0x080008b8   Section        0  stm32f4xx_it.o(i.DebugMon_Handler)
    i.ES8266_MQTT_Init                       0x080008bc   Section        0  main.o(i.ES8266_MQTT_Init)
    i.ESP8266_ATSendBuf                      0x08000b00   Section        0  esp8266_at.o(i.ESP8266_ATSendBuf)
    i.ESP8266_ATSendString                   0x08000b34   Section        0  esp8266_at.o(i.ESP8266_ATSendString)
    i.ESP8266_Check                          0x08000b70   Section        0  esp8266_at.o(i.ESP8266_Check)
    i.ESP8266_ConnectAP                      0x08000bb4   Section        0  esp8266_at.o(i.ESP8266_ConnectAP)
    i.ESP8266_ConnectServer                  0x08000c6c   Section        0  esp8266_at.o(i.ESP8266_ConnectServer)
    i.ESP8266_ExitUnvarnishedTrans           0x08000d74   Section        0  esp8266_at.o(i.ESP8266_ExitUnvarnishedTrans)
    i.ESP8266_Init                           0x08000d98   Section        0  esp8266_at.o(i.ESP8266_Init)
    i.EXTI0_IRQHandler                       0x08000e14   Section        0  stm32f4xx_it.o(i.EXTI0_IRQHandler)
    i.EXTI15_10_IRQHandler                   0x08000e1a   Section        0  stm32f4xx_it.o(i.EXTI15_10_IRQHandler)
    i.Enter_ErrorMode                        0x08000e24   Section        0  main.o(i.Enter_ErrorMode)
    i.Error_Handler                          0x08000f88   Section        0  main.o(i.Error_Handler)
    i.FindStr                                0x08000f8a   Section        0  esp8266_at.o(i.FindStr)
    i.GetSubStrPos                           0x08000fb8   Section        0  main.o(i.GetSubStrPos)
    i.HAL_DMA_Abort_IT                       0x08001000   Section        0  stm32f4xx_hal_dma.o(i.HAL_DMA_Abort_IT)
    i.HAL_Delay                              0x08001024   Section        0  stm32f4xx_hal.o(i.HAL_Delay)
    i.HAL_GPIO_EXTI_Callback                 0x08001048   Section        0  main.o(i.HAL_GPIO_EXTI_Callback)
    i.HAL_GPIO_EXTI_IRQHandler               0x0800105c   Section        0  stm32f4xx_hal_gpio.o(i.HAL_GPIO_EXTI_IRQHandler)
    i.HAL_GPIO_Init                          0x08001074   Section        0  stm32f4xx_hal_gpio.o(i.HAL_GPIO_Init)
    i.HAL_GPIO_ReadPin                       0x08001248   Section        0  stm32f4xx_hal_gpio.o(i.HAL_GPIO_ReadPin)
    i.HAL_GPIO_WritePin                      0x08001252   Section        0  stm32f4xx_hal_gpio.o(i.HAL_GPIO_WritePin)
    i.HAL_GetTick                            0x0800125c   Section        0  stm32f4xx_hal.o(i.HAL_GetTick)
    i.HAL_IncTick                            0x08001268   Section        0  stm32f4xx_hal.o(i.HAL_IncTick)
    i.HAL_Init                               0x08001278   Section        0  stm32f4xx_hal.o(i.HAL_Init)
    i.HAL_InitTick                           0x080012ac   Section        0  stm32f4xx_hal.o(i.HAL_InitTick)
    i.HAL_MspInit                            0x080012ec   Section        0  stm32f4xx_hal_msp.o(i.HAL_MspInit)
    i.HAL_NVIC_EnableIRQ                     0x0800131c   Section        0  stm32f4xx_hal_cortex.o(i.HAL_NVIC_EnableIRQ)
    i.HAL_NVIC_SetPriority                   0x08001338   Section        0  stm32f4xx_hal_cortex.o(i.HAL_NVIC_SetPriority)
    i.HAL_NVIC_SetPriorityGrouping           0x08001378   Section        0  stm32f4xx_hal_cortex.o(i.HAL_NVIC_SetPriorityGrouping)
    i.HAL_PWREx_EnableOverDrive              0x0800139c   Section        0  stm32f4xx_hal_pwr_ex.o(i.HAL_PWREx_EnableOverDrive)
    i.HAL_RCC_ClockConfig                    0x0800140c   Section        0  stm32f4xx_hal_rcc.o(i.HAL_RCC_ClockConfig)
    i.HAL_RCC_GetPCLK1Freq                   0x08001540   Section        0  stm32f4xx_hal_rcc.o(i.HAL_RCC_GetPCLK1Freq)
    i.HAL_RCC_GetPCLK2Freq                   0x08001560   Section        0  stm32f4xx_hal_rcc.o(i.HAL_RCC_GetPCLK2Freq)
    i.HAL_RCC_GetSysClockFreq                0x08001580   Section        0  stm32f4xx_hal_rcc.o(i.HAL_RCC_GetSysClockFreq)
    i.HAL_RCC_OscConfig                      0x080015e4   Section        0  stm32f4xx_hal_rcc.o(i.HAL_RCC_OscConfig)
    i.HAL_SYSTICK_Config                     0x08001940   Section        0  stm32f4xx_hal_cortex.o(i.HAL_SYSTICK_Config)
    i.HAL_TIMEx_MasterConfigSynchronization  0x08001968   Section        0  stm32f4xx_hal_tim_ex.o(i.HAL_TIMEx_MasterConfigSynchronization)
    i.HAL_TIM_Base_Init                      0x080019f8   Section        0  stm32f4xx_hal_tim.o(i.HAL_TIM_Base_Init)
    i.HAL_TIM_Base_MspInit                   0x08001a30   Section        0  tim.o(i.HAL_TIM_Base_MspInit)
    i.HAL_TIM_ConfigClockSource              0x08001a58   Section        0  stm32f4xx_hal_tim.o(i.HAL_TIM_ConfigClockSource)
    i.HAL_UART_ErrorCallback                 0x08001b2e   Section        0  stm32f4xx_hal_uart.o(i.HAL_UART_ErrorCallback)
    i.HAL_UART_IRQHandler                    0x08001b30   Section        0  stm32f4xx_hal_uart.o(i.HAL_UART_IRQHandler)
    i.HAL_UART_Init                          0x08001c44   Section        0  stm32f4xx_hal_uart.o(i.HAL_UART_Init)
    i.HAL_UART_MspInit                       0x08001ca8   Section        0  usart.o(i.HAL_UART_MspInit)
    i.HAL_UART_Receive_IT                    0x08001d68   Section        0  stm32f4xx_hal_uart.o(i.HAL_UART_Receive_IT)
    i.HAL_UART_RxCpltCallback                0x08001dbc   Section        0  main.o(i.HAL_UART_RxCpltCallback)
    i.HAL_UART_Transmit                      0x08001df4   Section        0  stm32f4xx_hal_uart.o(i.HAL_UART_Transmit)
    i.HAL_UART_TxCpltCallback                0x08001eae   Section        0  stm32f4xx_hal_uart.o(i.HAL_UART_TxCpltCallback)
    i.HardFault_Handler                      0x08001eb0   Section        0  stm32f4xx_it.o(i.HardFault_Handler)
    i.KEY1_Pressed                           0x08001eb4   Section        0  main.o(i.KEY1_Pressed)
    i.KEY2_Pressed                           0x08001ee4   Section        0  main.o(i.KEY2_Pressed)
    i.MQTT_Connect                           0x08001f0c   Section        0  esp8266_mqtt.o(i.MQTT_Connect)
    i.MQTT_PublishData                       0x08002110   Section        0  esp8266_mqtt.o(i.MQTT_PublishData)
    i.MQTT_SendBuf                           0x080021f8   Section        0  esp8266_mqtt.o(i.MQTT_SendBuf)
    i.MQTT_SubscribeTopic                    0x080021fc   Section        0  esp8266_mqtt.o(i.MQTT_SubscribeTopic)
    i.MX_GPIO_Init                           0x08002328   Section        0  gpio.o(i.MX_GPIO_Init)
    i.MX_TIM1_Init                           0x08002418   Section        0  tim.o(i.MX_TIM1_Init)
    i.MX_USART1_UART_Init                    0x08002480   Section        0  usart.o(i.MX_USART1_UART_Init)
    i.MX_USART2_UART_Init                    0x080024b8   Section        0  usart.o(i.MX_USART2_UART_Init)
    i.MemManage_Handler                      0x080024f0   Section        0  stm32f4xx_it.o(i.MemManage_Handler)
    i.NMI_Handler                            0x080024f2   Section        0  stm32f4xx_it.o(i.NMI_Handler)
    i.PendSV_Handler                         0x080024f4   Section        0  stm32f4xx_it.o(i.PendSV_Handler)
    i.ReadStrUnit                            0x080024f6   Section        0  main.o(i.ReadStrUnit)
    i.STM32DHT11_StatusReport                0x08002510   Section        0  main.o(i.STM32DHT11_StatusReport)
    i.SVC_Handler                            0x08002624   Section        0  stm32f4xx_it.o(i.SVC_Handler)
    i.SysTick_Handler                        0x08002626   Section        0  stm32f4xx_it.o(i.SysTick_Handler)
    i.SystemClock_Config                     0x0800262c   Section        0  main.o(i.SystemClock_Config)
    i.SystemInit                             0x080026b4   Section        0  system_stm32f4xx.o(i.SystemInit)
    i.TIM1_Delay_us                          0x080026d0   Section        0  tim.o(i.TIM1_Delay_us)
    i.TIM_Base_SetConfig                     0x08002710   Section        0  stm32f4xx_hal_tim.o(i.TIM_Base_SetConfig)
    i.TIM_ETR_SetConfig                      0x080027d8   Section        0  stm32f4xx_hal_tim.o(i.TIM_ETR_SetConfig)
    i.TIM_ITRx_SetConfig                     0x080027ec   Section        0  stm32f4xx_hal_tim.o(i.TIM_ITRx_SetConfig)
    TIM_ITRx_SetConfig                       0x080027ed   Thumb Code    16  stm32f4xx_hal_tim.o(i.TIM_ITRx_SetConfig)
    i.TIM_TI1_ConfigInputStage               0x080027fc   Section        0  stm32f4xx_hal_tim.o(i.TIM_TI1_ConfigInputStage)
    TIM_TI1_ConfigInputStage                 0x080027fd   Thumb Code    34  stm32f4xx_hal_tim.o(i.TIM_TI1_ConfigInputStage)
    i.TIM_TI2_ConfigInputStage               0x0800281e   Section        0  stm32f4xx_hal_tim.o(i.TIM_TI2_ConfigInputStage)
    TIM_TI2_ConfigInputStage                 0x0800281f   Thumb Code    36  stm32f4xx_hal_tim.o(i.TIM_TI2_ConfigInputStage)
    i.UART_DMAAbortOnError                   0x08002842   Section        0  stm32f4xx_hal_uart.o(i.UART_DMAAbortOnError)
    UART_DMAAbortOnError                     0x08002843   Thumb Code    16  stm32f4xx_hal_uart.o(i.UART_DMAAbortOnError)
    i.UART_EndRxTransfer                     0x08002852   Section        0  stm32f4xx_hal_uart.o(i.UART_EndRxTransfer)
    UART_EndRxTransfer                       0x08002853   Thumb Code    28  stm32f4xx_hal_uart.o(i.UART_EndRxTransfer)
    i.UART_Receive_IT                        0x0800286e   Section        0  stm32f4xx_hal_uart.o(i.UART_Receive_IT)
    UART_Receive_IT                          0x0800286f   Thumb Code   150  stm32f4xx_hal_uart.o(i.UART_Receive_IT)
    i.UART_SetConfig                         0x08002904   Section        0  stm32f4xx_hal_uart.o(i.UART_SetConfig)
    UART_SetConfig                           0x08002905   Thumb Code   286  stm32f4xx_hal_uart.o(i.UART_SetConfig)
    i.UART_Transmit_IT                       0x08002a2c   Section        0  stm32f4xx_hal_uart.o(i.UART_Transmit_IT)
    UART_Transmit_IT                         0x08002a2d   Thumb Code    98  stm32f4xx_hal_uart.o(i.UART_Transmit_IT)
    i.UART_WaitOnFlagUntilTimeout            0x08002a8e   Section        0  stm32f4xx_hal_uart.o(i.UART_WaitOnFlagUntilTimeout)
    UART_WaitOnFlagUntilTimeout              0x08002a8f   Thumb Code   100  stm32f4xx_hal_uart.o(i.UART_WaitOnFlagUntilTimeout)
    i.USART1_IRQHandler                      0x08002af4   Section        0  stm32f4xx_it.o(i.USART1_IRQHandler)
    i.UsageFault_Handler                     0x08002b00   Section        0  stm32f4xx_it.o(i.UsageFault_Handler)
    i.__0printf                              0x08002b04   Section        0  printfa.o(i.__0printf)
    i.__0sprintf                             0x08002b24   Section        0  printfa.o(i.__0sprintf)
    i.__NVIC_SetPriority                     0x08002b4c   Section        0  stm32f4xx_hal_cortex.o(i.__NVIC_SetPriority)
    __NVIC_SetPriority                       0x08002b4d   Thumb Code    32  stm32f4xx_hal_cortex.o(i.__NVIC_SetPriority)
    i.__scatterload_copy                     0x08002b6c   Section       14  handlers.o(i.__scatterload_copy)
    i.__scatterload_null                     0x08002b7a   Section        2  handlers.o(i.__scatterload_null)
    i.__scatterload_zeroinit                 0x08002b7c   Section       14  handlers.o(i.__scatterload_zeroinit)
    i._fp_digits                             0x08002b8c   Section        0  printfa.o(i._fp_digits)
    _fp_digits                               0x08002b8d   Thumb Code   334  printfa.o(i._fp_digits)
    i._printf_core                           0x08002cf0   Section        0  printfa.o(i._printf_core)
    _printf_core                             0x08002cf1   Thumb Code  1744  printfa.o(i._printf_core)
    i._printf_post_padding                   0x080033cc   Section        0  printfa.o(i._printf_post_padding)
    _printf_post_padding                     0x080033cd   Thumb Code    36  printfa.o(i._printf_post_padding)
    i._printf_pre_padding                    0x080033f0   Section        0  printfa.o(i._printf_pre_padding)
    _printf_pre_padding                      0x080033f1   Thumb Code    46  printfa.o(i._printf_pre_padding)
    i._sputc                                 0x0800341e   Section        0  printfa.o(i._sputc)
    _sputc                                   0x0800341f   Thumb Code    10  printfa.o(i._sputc)
    i.deal_MQTT_message                      0x08003428   Section        0  main.o(i.deal_MQTT_message)
    i.delayUs                                0x08003568   Section        0  hal_temp_hum.o(i.delayUs)
    i.dht11Check                             0x08003570   Section        0  hal_temp_hum.o(i.dht11Check)
    dht11Check                               0x08003571   Thumb Code    84  hal_temp_hum.o(i.dht11Check)
    i.dht11Read                              0x080035c8   Section        0  hal_temp_hum.o(i.dht11Read)
    i.dht11ReadByte                          0x080036b4   Section        0  hal_temp_hum.o(i.dht11ReadByte)
    dht11ReadByte                            0x080036b5   Thumb Code   102  hal_temp_hum.o(i.dht11ReadByte)
    i.dht11Rst                               0x08003720   Section        0  hal_temp_hum.o(i.dht11Rst)
    dht11Rst                                 0x08003721   Thumb Code    44  hal_temp_hum.o(i.dht11Rst)
    i.fputc                                  0x08003750   Section        0  usart.o(i.fputc)
    i.main                                   0x0800376c   Section        0  main.o(i.main)
    .constdata                               0x080037fc   Section       16  system_stm32f4xx.o(.constdata)
    .constdata                               0x0800380c   Section        8  system_stm32f4xx.o(.constdata)
    .conststring                             0x08003814   Section      195  main.o(.conststring)
    .data                                    0x20000000   Section        4  main.o(.data)
    ledstatus                                0x20000000   Data           1  main.o(.data)
    tim1_test                                0x20000002   Data           2  main.o(.data)
    .data                                    0x20000004   Section       12  stm32f4xx_hal.o(.data)
    .data                                    0x20000010   Section        4  system_stm32f4xx.o(.data)
    .data                                    0x20000014   Section        1  esp8266_at.o(.data)
    .data                                    0x20000015   Section        1  esp8266_at.o(.data)
    .data                                    0x20000016   Section        4  esp8266_mqtt.o(.data)
    id                                       0x20000016   Data           2  esp8266_mqtt.o(.data)
    .data                                    0x2000001c   Section        4  stdout.o(.data)
    .bss                                     0x20000020   Section      330  main.o(.bss)
    .bss                                     0x2000016c   Section       64  tim.o(.bss)
    .bss                                     0x200001ac   Section      128  usart.o(.bss)
    .bss                                     0x2000022c   Section       22  hal_temp_hum.o(.bss)
    .bss                                     0x20000242   Section      768  esp8266_at.o(.bss)
    STACK                                    0x20000548   Section     1024  startup_stm32f429xx.o(STACK)

    Global Symbols

    Symbol Name                              Value     Ov Type        Size  Object(Section)

    BuildAttributes$$THM_ISAv4$E$P$D$K$B$S$7EM$VFPi3$EXTD16$VFPS$VFMA$PE$A:L22UL41UL21$X:L11$S22US41US21$IEEE1$IW$USESV6$~STKCKD$USESV7$~SHL$OSPACE$ROPI$EBA8$MICROLIB$REQ8$PRES8$EABIv2 0x00000000   Number         0  anon$$obj.o ABSOLUTE
    __ARM_use_no_argv                        0x00000000   Number         0  main.o ABSOLUTE
    _printf_a                                0x00000000   Number         0  stubs.o ABSOLUTE
    _printf_c                                0x00000000   Number         0  stubs.o ABSOLUTE
    _printf_charcount                        0x00000000   Number         0  stubs.o ABSOLUTE
    _printf_d                                0x00000000   Number         0  stubs.o ABSOLUTE
    _printf_e                                0x00000000   Number         0  stubs.o ABSOLUTE
    _printf_f                                0x00000000   Number         0  stubs.o ABSOLUTE
    _printf_flags                            0x00000000   Number         0  stubs.o ABSOLUTE
    _printf_fp_dec                           0x00000000   Number         0  stubs.o ABSOLUTE
    _printf_fp_hex                           0x00000000   Number         0  stubs.o ABSOLUTE
    _printf_g                                0x00000000   Number         0  stubs.o ABSOLUTE
    _printf_i                                0x00000000   Number         0  stubs.o ABSOLUTE
    _printf_int_dec                          0x00000000   Number         0  stubs.o ABSOLUTE
    _printf_l                                0x00000000   Number         0  stubs.o ABSOLUTE
    _printf_lc                               0x00000000   Number         0  stubs.o ABSOLUTE
    _printf_ll                               0x00000000   Number         0  stubs.o ABSOLUTE
    _printf_lld                              0x00000000   Number         0  stubs.o ABSOLUTE
    _printf_lli                              0x00000000   Number         0  stubs.o ABSOLUTE
    _printf_llo                              0x00000000   Number         0  stubs.o ABSOLUTE
    _printf_llu                              0x00000000   Number         0  stubs.o ABSOLUTE
    _printf_llx                              0x00000000   Number         0  stubs.o ABSOLUTE
    _printf_longlong_dec                     0x00000000   Number         0  stubs.o ABSOLUTE
    _printf_longlong_hex                     0x00000000   Number         0  stubs.o ABSOLUTE
    _printf_longlong_oct                     0x00000000   Number         0  stubs.o ABSOLUTE
    _printf_ls                               0x00000000   Number         0  stubs.o ABSOLUTE
    _printf_mbtowc                           0x00000000   Number         0  stubs.o ABSOLUTE
    _printf_n                                0x00000000   Number         0  stubs.o ABSOLUTE
    _printf_o                                0x00000000   Number         0  stubs.o ABSOLUTE
    _printf_p                                0x00000000   Number         0  stubs.o ABSOLUTE
    _printf_percent                          0x00000000   Number         0  stubs.o ABSOLUTE
    _printf_pre_padding                      0x00000000   Number         0  stubs.o ABSOLUTE
    _printf_return_value                     0x00000000   Number         0  stubs.o ABSOLUTE
    _printf_s                                0x00000000   Number         0  stubs.o ABSOLUTE
    _printf_sizespec                         0x00000000   Number         0  stubs.o ABSOLUTE
    _printf_str                              0x00000000   Number         0  stubs.o ABSOLUTE
    _printf_truncate_signed                  0x00000000   Number         0  stubs.o ABSOLUTE
    _printf_truncate_unsigned                0x00000000   Number         0  stubs.o ABSOLUTE
    _printf_u                                0x00000000   Number         0  stubs.o ABSOLUTE
    _printf_wc                               0x00000000   Number         0  stubs.o ABSOLUTE
    _printf_wctomb                           0x00000000   Number         0  stubs.o ABSOLUTE
    _printf_widthprec                        0x00000000   Number         0  stubs.o ABSOLUTE
    _printf_x                                0x00000000   Number         0  stubs.o ABSOLUTE
    __cpp_initialize__aeabi_                  - Undefined Weak Reference
    __cxa_finalize                            - Undefined Weak Reference
    __decompress                              - Undefined Weak Reference
    _clock_init                               - Undefined Weak Reference
    _microlib_exit                            - Undefined Weak Reference
    __Vectors_Size                           0x000001ac   Number         0  startup_stm32f429xx.o ABSOLUTE
    __Vectors                                0x08000000   Data           4  startup_stm32f429xx.o(RESET)
    __Vectors_End                            0x080001ac   Data           0  startup_stm32f429xx.o(RESET)
    __main                                   0x080001ad   Thumb Code     0  entry.o(.ARM.Collect$$$$00000000)
    _main_stk                                0x080001ad   Thumb Code     0  entry2.o(.ARM.Collect$$$$00000001)
    _main_scatterload                        0x080001b1   Thumb Code     0  entry5.o(.ARM.Collect$$$$00000004)
    __main_after_scatterload                 0x080001b5   Thumb Code     0  entry5.o(.ARM.Collect$$$$00000004)
    _main_clock                              0x080001b5   Thumb Code     0  entry7b.o(.ARM.Collect$$$$00000008)
    _main_cpp_init                           0x080001b5   Thumb Code     0  entry8b.o(.ARM.Collect$$$$0000000A)
    _main_init                               0x080001b5   Thumb Code     0  entry9a.o(.ARM.Collect$$$$0000000B)
    __rt_final_cpp                           0x080001bd   Thumb Code     0  entry10a.o(.ARM.Collect$$$$0000000D)
    __rt_final_exit                          0x080001bd   Thumb Code     0  entry11a.o(.ARM.Collect$$$$0000000F)
    Reset_Handler                            0x080001c1   Thumb Code     8  startup_stm32f429xx.o(.text)
    ADC_IRQHandler                           0x080001db   Thumb Code     0  startup_stm32f429xx.o(.text)
    CAN1_RX0_IRQHandler                      0x080001db   Thumb Code     0  startup_stm32f429xx.o(.text)
    CAN1_RX1_IRQHandler                      0x080001db   Thumb Code     0  startup_stm32f429xx.o(.text)
    CAN1_SCE_IRQHandler                      0x080001db   Thumb Code     0  startup_stm32f429xx.o(.text)
    CAN1_TX_IRQHandler                       0x080001db   Thumb Code     0  startup_stm32f429xx.o(.text)
    CAN2_RX0_IRQHandler                      0x080001db   Thumb Code     0  startup_stm32f429xx.o(.text)
    CAN2_RX1_IRQHandler                      0x080001db   Thumb Code     0  startup_stm32f429xx.o(.text)
    CAN2_SCE_IRQHandler                      0x080001db   Thumb Code     0  startup_stm32f429xx.o(.text)
    CAN2_TX_IRQHandler                       0x080001db   Thumb Code     0  startup_stm32f429xx.o(.text)
    DCMI_IRQHandler                          0x080001db   Thumb Code     0  startup_stm32f429xx.o(.text)
    DMA1_Stream0_IRQHandler                  0x080001db   Thumb Code     0  startup_stm32f429xx.o(.text)
    DMA1_Stream1_IRQHandler                  0x080001db   Thumb Code     0  startup_stm32f429xx.o(.text)
    DMA1_Stream2_IRQHandler                  0x080001db   Thumb Code     0  startup_stm32f429xx.o(.text)
    DMA1_Stream3_IRQHandler                  0x080001db   Thumb Code     0  startup_stm32f429xx.o(.text)
    DMA1_Stream4_IRQHandler                  0x080001db   Thumb Code     0  startup_stm32f429xx.o(.text)
    DMA1_Stream5_IRQHandler                  0x080001db   Thumb Code     0  startup_stm32f429xx.o(.text)
    DMA1_Stream6_IRQHandler                  0x080001db   Thumb Code     0  startup_stm32f429xx.o(.text)
    DMA1_Stream7_IRQHandler                  0x080001db   Thumb Code     0  startup_stm32f429xx.o(.text)
    DMA2D_IRQHandler                         0x080001db   Thumb Code     0  startup_stm32f429xx.o(.text)
    DMA2_Stream0_IRQHandler                  0x080001db   Thumb Code     0  startup_stm32f429xx.o(.text)
    DMA2_Stream1_IRQHandler                  0x080001db   Thumb Code     0  startup_stm32f429xx.o(.text)
    DMA2_Stream2_IRQHandler                  0x080001db   Thumb Code     0  startup_stm32f429xx.o(.text)
    DMA2_Stream3_IRQHandler                  0x080001db   Thumb Code     0  startup_stm32f429xx.o(.text)
    DMA2_Stream4_IRQHandler                  0x080001db   Thumb Code     0  startup_stm32f429xx.o(.text)
    DMA2_Stream5_IRQHandler                  0x080001db   Thumb Code     0  startup_stm32f429xx.o(.text)
    DMA2_Stream6_IRQHandler                  0x080001db   Thumb Code     0  startup_stm32f429xx.o(.text)
    DMA2_Stream7_IRQHandler                  0x080001db   Thumb Code     0  startup_stm32f429xx.o(.text)
    ETH_IRQHandler                           0x080001db   Thumb Code     0  startup_stm32f429xx.o(.text)
    ETH_WKUP_IRQHandler                      0x080001db   Thumb Code     0  startup_stm32f429xx.o(.text)
    EXTI1_IRQHandler                         0x080001db   Thumb Code     0  startup_stm32f429xx.o(.text)
    EXTI2_IRQHandler                         0x080001db   Thumb Code     0  startup_stm32f429xx.o(.text)
    EXTI3_IRQHandler                         0x080001db   Thumb Code     0  startup_stm32f429xx.o(.text)
    EXTI4_IRQHandler                         0x080001db   Thumb Code     0  startup_stm32f429xx.o(.text)
    EXTI9_5_IRQHandler                       0x080001db   Thumb Code     0  startup_stm32f429xx.o(.text)
    FLASH_IRQHandler                         0x080001db   Thumb Code     0  startup_stm32f429xx.o(.text)
    FMC_IRQHandler                           0x080001db   Thumb Code     0  startup_stm32f429xx.o(.text)
    FPU_IRQHandler                           0x080001db   Thumb Code     0  startup_stm32f429xx.o(.text)
    HASH_RNG_IRQHandler                      0x080001db   Thumb Code     0  startup_stm32f429xx.o(.text)
    I2C1_ER_IRQHandler                       0x080001db   Thumb Code     0  startup_stm32f429xx.o(.text)
    I2C1_EV_IRQHandler                       0x080001db   Thumb Code     0  startup_stm32f429xx.o(.text)
    I2C2_ER_IRQHandler                       0x080001db   Thumb Code     0  startup_stm32f429xx.o(.text)
    I2C2_EV_IRQHandler                       0x080001db   Thumb Code     0  startup_stm32f429xx.o(.text)
    I2C3_ER_IRQHandler                       0x080001db   Thumb Code     0  startup_stm32f429xx.o(.text)
    I2C3_EV_IRQHandler                       0x080001db   Thumb Code     0  startup_stm32f429xx.o(.text)
    LTDC_ER_IRQHandler                       0x080001db   Thumb Code     0  startup_stm32f429xx.o(.text)
    LTDC_IRQHandler                          0x080001db   Thumb Code     0  startup_stm32f429xx.o(.text)
    OTG_FS_IRQHandler                        0x080001db   Thumb Code     0  startup_stm32f429xx.o(.text)
    OTG_FS_WKUP_IRQHandler                   0x080001db   Thumb Code     0  startup_stm32f429xx.o(.text)
    OTG_HS_EP1_IN_IRQHandler                 0x080001db   Thumb Code     0  startup_stm32f429xx.o(.text)
    OTG_HS_EP1_OUT_IRQHandler                0x080001db   Thumb Code     0  startup_stm32f429xx.o(.text)
    OTG_HS_IRQHandler                        0x080001db   Thumb Code     0  startup_stm32f429xx.o(.text)
    OTG_HS_WKUP_IRQHandler                   0x080001db   Thumb Code     0  startup_stm32f429xx.o(.text)
    PVD_IRQHandler                           0x080001db   Thumb Code     0  startup_stm32f429xx.o(.text)
    RCC_IRQHandler                           0x080001db   Thumb Code     0  startup_stm32f429xx.o(.text)
    RTC_Alarm_IRQHandler                     0x080001db   Thumb Code     0  startup_stm32f429xx.o(.text)
    RTC_WKUP_IRQHandler                      0x080001db   Thumb Code     0  startup_stm32f429xx.o(.text)
    SAI1_IRQHandler                          0x080001db   Thumb Code     0  startup_stm32f429xx.o(.text)
    SDIO_IRQHandler                          0x080001db   Thumb Code     0  startup_stm32f429xx.o(.text)
    SPI1_IRQHandler                          0x080001db   Thumb Code     0  startup_stm32f429xx.o(.text)
    SPI2_IRQHandler                          0x080001db   Thumb Code     0  startup_stm32f429xx.o(.text)
    SPI3_IRQHandler                          0x080001db   Thumb Code     0  startup_stm32f429xx.o(.text)
    SPI4_IRQHandler                          0x080001db   Thumb Code     0  startup_stm32f429xx.o(.text)
    SPI5_IRQHandler                          0x080001db   Thumb Code     0  startup_stm32f429xx.o(.text)
    SPI6_IRQHandler                          0x080001db   Thumb Code     0  startup_stm32f429xx.o(.text)
    TAMP_STAMP_IRQHandler                    0x080001db   Thumb Code     0  startup_stm32f429xx.o(.text)
    TIM1_BRK_TIM9_IRQHandler                 0x080001db   Thumb Code     0  startup_stm32f429xx.o(.text)
    TIM1_CC_IRQHandler                       0x080001db   Thumb Code     0  startup_stm32f429xx.o(.text)
    TIM1_TRG_COM_TIM11_IRQHandler            0x080001db   Thumb Code     0  startup_stm32f429xx.o(.text)
    TIM1_UP_TIM10_IRQHandler                 0x080001db   Thumb Code     0  startup_stm32f429xx.o(.text)
    TIM2_IRQHandler                          0x080001db   Thumb Code     0  startup_stm32f429xx.o(.text)
    TIM3_IRQHandler                          0x080001db   Thumb Code     0  startup_stm32f429xx.o(.text)
    TIM4_IRQHandler                          0x080001db   Thumb Code     0  startup_stm32f429xx.o(.text)
    TIM5_IRQHandler                          0x080001db   Thumb Code     0  startup_stm32f429xx.o(.text)
    TIM6_DAC_IRQHandler                      0x080001db   Thumb Code     0  startup_stm32f429xx.o(.text)
    TIM7_IRQHandler                          0x080001db   Thumb Code     0  startup_stm32f429xx.o(.text)
    TIM8_BRK_TIM12_IRQHandler                0x080001db   Thumb Code     0  startup_stm32f429xx.o(.text)
    TIM8_CC_IRQHandler                       0x080001db   Thumb Code     0  startup_stm32f429xx.o(.text)
    TIM8_TRG_COM_TIM14_IRQHandler            0x080001db   Thumb Code     0  startup_stm32f429xx.o(.text)
    TIM8_UP_TIM13_IRQHandler                 0x080001db   Thumb Code     0  startup_stm32f429xx.o(.text)
    UART4_IRQHandler                         0x080001db   Thumb Code     0  startup_stm32f429xx.o(.text)
    UART5_IRQHandler                         0x080001db   Thumb Code     0  startup_stm32f429xx.o(.text)
    UART7_IRQHandler                         0x080001db   Thumb Code     0  startup_stm32f429xx.o(.text)
    UART8_IRQHandler                         0x080001db   Thumb Code     0  startup_stm32f429xx.o(.text)
    USART2_IRQHandler                        0x080001db   Thumb Code     0  startup_stm32f429xx.o(.text)
    USART3_IRQHandler                        0x080001db   Thumb Code     0  startup_stm32f429xx.o(.text)
    USART6_IRQHandler                        0x080001db   Thumb Code     0  startup_stm32f429xx.o(.text)
    WWDG_IRQHandler                          0x080001db   Thumb Code     0  startup_stm32f429xx.o(.text)
    __aeabi_uldivmod                         0x080001e5   Thumb Code    98  uldiv.o(.text)
    __aeabi_memcpy                           0x08000247   Thumb Code    36  memcpya.o(.text)
    __aeabi_memcpy4                          0x08000247   Thumb Code     0  memcpya.o(.text)
    __aeabi_memcpy8                          0x08000247   Thumb Code     0  memcpya.o(.text)
    __aeabi_memset                           0x0800026b   Thumb Code    14  memseta.o(.text)
    __aeabi_memset4                          0x0800026b   Thumb Code     0  memseta.o(.text)
    __aeabi_memset8                          0x0800026b   Thumb Code     0  memseta.o(.text)
    __aeabi_memclr                           0x08000279   Thumb Code     4  memseta.o(.text)
    __aeabi_memclr4                          0x08000279   Thumb Code     0  memseta.o(.text)
    __aeabi_memclr8                          0x08000279   Thumb Code     0  memseta.o(.text)
    _memset$wrapper                          0x0800027d   Thumb Code    18  memseta.o(.text)
    strstr                                   0x0800028f   Thumb Code    36  strstr.o(.text)
    strlen                                   0x080002b3   Thumb Code    14  strlen.o(.text)
    strcmp                                   0x080002c1   Thumb Code    28  strcmp.o(.text)
    __aeabi_ui2d                             0x080002dd   Thumb Code    26  dfltui.o(.text)
    __aeabi_uidiv                            0x080002f7   Thumb Code     0  uidiv.o(.text)
    __aeabi_uidivmod                         0x080002f7   Thumb Code    44  uidiv.o(.text)
    __aeabi_llsl                             0x08000323   Thumb Code    30  llshl.o(.text)
    _ll_shift_l                              0x08000323   Thumb Code     0  llshl.o(.text)
    __aeabi_llsr                             0x08000341   Thumb Code    32  llushr.o(.text)
    _ll_ushift_r                             0x08000341   Thumb Code     0  llushr.o(.text)
    __I$use$fp                               0x08000361   Thumb Code     0  iusefp.o(.text)
    _double_round                            0x08000361   Thumb Code    30  depilogue.o(.text)
    _double_epilogue                         0x0800037f   Thumb Code   156  depilogue.o(.text)
    __aeabi_dadd                             0x0800041b   Thumb Code   322  dadd.o(.text)
    __aeabi_dsub                             0x0800055d   Thumb Code     6  dadd.o(.text)
    __aeabi_drsub                            0x08000563   Thumb Code     6  dadd.o(.text)
    __aeabi_dmul                             0x08000569   Thumb Code   228  dmul.o(.text)
    __aeabi_ddiv                             0x0800064d   Thumb Code   222  ddiv.o(.text)
    __aeabi_d2ulz                            0x0800072b   Thumb Code    48  dfixul.o(.text)
    __aeabi_cdrcmple                         0x0800075d   Thumb Code    48  cdrcmple.o(.text)
    __scatterload                            0x0800078d   Thumb Code    28  init.o(.text)
    __scatterload_rt2                        0x0800078d   Thumb Code     0  init.o(.text)
    __aeabi_lasr                             0x080007b1   Thumb Code    36  llsshr.o(.text)
    _ll_sshift_r                             0x080007b1   Thumb Code     0  llsshr.o(.text)
    BusFault_Handler                         0x080007d5   Thumb Code     2  stm32f4xx_it.o(i.BusFault_Handler)
    Change_LED_Status                        0x080007d9   Thumb Code   148  main.o(i.Change_LED_Status)
    DHT11_IO_IN                              0x08000875   Thumb Code    32  hal_temp_hum.o(i.DHT11_IO_IN)
    DHT11_IO_OUT                             0x08000899   Thumb Code    28  hal_temp_hum.o(i.DHT11_IO_OUT)
    DebugMon_Handler                         0x080008b9   Thumb Code     2  stm32f4xx_it.o(i.DebugMon_Handler)
    ES8266_MQTT_Init                         0x080008bd   Thumb Code   116  main.o(i.ES8266_MQTT_Init)
    ESP8266_ATSendBuf                        0x08000b01   Thumb Code    40  esp8266_at.o(i.ESP8266_ATSendBuf)
    ESP8266_ATSendString                     0x08000b35   Thumb Code    46  esp8266_at.o(i.ESP8266_ATSendString)
    ESP8266_Check                            0x08000b71   Thumb Code    50  esp8266_at.o(i.ESP8266_Check)
    ESP8266_ConnectAP                        0x08000bb5   Thumb Code   124  esp8266_at.o(i.ESP8266_ConnectAP)
    ESP8266_ConnectServer                    0x08000c6d   Thumb Code   178  esp8266_at.o(i.ESP8266_ConnectServer)
    ESP8266_ExitUnvarnishedTrans             0x08000d75   Thumb Code    30  esp8266_at.o(i.ESP8266_ExitUnvarnishedTrans)
    ESP8266_Init                             0x08000d99   Thumb Code    92  esp8266_at.o(i.ESP8266_Init)
    EXTI0_IRQHandler                         0x08000e15   Thumb Code     6  stm32f4xx_it.o(i.EXTI0_IRQHandler)
    EXTI15_10_IRQHandler                     0x08000e1b   Thumb Code     8  stm32f4xx_it.o(i.EXTI15_10_IRQHandler)
    Enter_ErrorMode                          0x08000e25   Thumb Code    66  main.o(i.Enter_ErrorMode)
    Error_Handler                            0x08000f89   Thumb Code     2  main.o(i.Error_Handler)
    FindStr                                  0x08000f8b   Thumb Code    46  esp8266_at.o(i.FindStr)
    GetSubStrPos                             0x08000fb9   Thumb Code    68  main.o(i.GetSubStrPos)
    HAL_DMA_Abort_IT                         0x08001001   Thumb Code    36  stm32f4xx_hal_dma.o(i.HAL_DMA_Abort_IT)
    HAL_Delay                                0x08001025   Thumb Code    32  stm32f4xx_hal.o(i.HAL_Delay)
    HAL_GPIO_EXTI_Callback                   0x08001049   Thumb Code    20  main.o(i.HAL_GPIO_EXTI_Callback)
    HAL_GPIO_EXTI_IRQHandler                 0x0800105d   Thumb Code    18  stm32f4xx_hal_gpio.o(i.HAL_GPIO_EXTI_IRQHandler)
    HAL_GPIO_Init                            0x08001075   Thumb Code   414  stm32f4xx_hal_gpio.o(i.HAL_GPIO_Init)
    HAL_GPIO_ReadPin                         0x08001249   Thumb Code    10  stm32f4xx_hal_gpio.o(i.HAL_GPIO_ReadPin)
    HAL_GPIO_WritePin                        0x08001253   Thumb Code    10  stm32f4xx_hal_gpio.o(i.HAL_GPIO_WritePin)
    HAL_GetTick                              0x0800125d   Thumb Code     6  stm32f4xx_hal.o(i.HAL_GetTick)
    HAL_IncTick                              0x08001269   Thumb Code    12  stm32f4xx_hal.o(i.HAL_IncTick)
    HAL_Init                                 0x08001279   Thumb Code    48  stm32f4xx_hal.o(i.HAL_Init)
    HAL_InitTick                             0x080012ad   Thumb Code    54  stm32f4xx_hal.o(i.HAL_InitTick)
    HAL_MspInit                              0x080012ed   Thumb Code    42  stm32f4xx_hal_msp.o(i.HAL_MspInit)
    HAL_NVIC_EnableIRQ                       0x0800131d   Thumb Code    26  stm32f4xx_hal_cortex.o(i.HAL_NVIC_EnableIRQ)
    HAL_NVIC_SetPriority                     0x08001339   Thumb Code    60  stm32f4xx_hal_cortex.o(i.HAL_NVIC_SetPriority)
    HAL_NVIC_SetPriorityGrouping             0x08001379   Thumb Code    26  stm32f4xx_hal_cortex.o(i.HAL_NVIC_SetPriorityGrouping)
    HAL_PWREx_EnableOverDrive                0x0800139d   Thumb Code    98  stm32f4xx_hal_pwr_ex.o(i.HAL_PWREx_EnableOverDrive)
    HAL_RCC_ClockConfig                      0x0800140d   Thumb Code   288  stm32f4xx_hal_rcc.o(i.HAL_RCC_ClockConfig)
    HAL_RCC_GetPCLK1Freq                     0x08001541   Thumb Code    20  stm32f4xx_hal_rcc.o(i.HAL_RCC_GetPCLK1Freq)
    HAL_RCC_GetPCLK2Freq                     0x08001561   Thumb Code    20  stm32f4xx_hal_rcc.o(i.HAL_RCC_GetPCLK2Freq)
    HAL_RCC_GetSysClockFreq                  0x08001581   Thumb Code    88  stm32f4xx_hal_rcc.o(i.HAL_RCC_GetSysClockFreq)
    HAL_RCC_OscConfig                        0x080015e5   Thumb Code   840  stm32f4xx_hal_rcc.o(i.HAL_RCC_OscConfig)
    HAL_SYSTICK_Config                       0x08001941   Thumb Code    40  stm32f4xx_hal_cortex.o(i.HAL_SYSTICK_Config)
    HAL_TIMEx_MasterConfigSynchronization    0x08001969   Thumb Code   116  stm32f4xx_hal_tim_ex.o(i.HAL_TIMEx_MasterConfigSynchronization)
    HAL_TIM_Base_Init                        0x080019f9   Thumb Code    54  stm32f4xx_hal_tim.o(i.HAL_TIM_Base_Init)
    HAL_TIM_Base_MspInit                     0x08001a31   Thumb Code    30  tim.o(i.HAL_TIM_Base_MspInit)
    HAL_TIM_ConfigClockSource                0x08001a59   Thumb Code   214  stm32f4xx_hal_tim.o(i.HAL_TIM_ConfigClockSource)
    HAL_UART_ErrorCallback                   0x08001b2f   Thumb Code     2  stm32f4xx_hal_uart.o(i.HAL_UART_ErrorCallback)
    HAL_UART_IRQHandler                      0x08001b31   Thumb Code   270  stm32f4xx_hal_uart.o(i.HAL_UART_IRQHandler)
    HAL_UART_Init                            0x08001c45   Thumb Code    98  stm32f4xx_hal_uart.o(i.HAL_UART_Init)
    HAL_UART_MspInit                         0x08001ca9   Thumb Code   172  usart.o(i.HAL_UART_MspInit)
    HAL_UART_Receive_IT                      0x08001d69   Thumb Code    82  stm32f4xx_hal_uart.o(i.HAL_UART_Receive_IT)
    HAL_UART_RxCpltCallback                  0x08001dbd   Thumb Code    36  main.o(i.HAL_UART_RxCpltCallback)
    HAL_UART_Transmit                        0x08001df5   Thumb Code   186  stm32f4xx_hal_uart.o(i.HAL_UART_Transmit)
    HAL_UART_TxCpltCallback                  0x08001eaf   Thumb Code     2  stm32f4xx_hal_uart.o(i.HAL_UART_TxCpltCallback)
    HardFault_Handler                        0x08001eb1   Thumb Code     2  stm32f4xx_it.o(i.HardFault_Handler)
    KEY1_Pressed                             0x08001eb5   Thumb Code    16  main.o(i.KEY1_Pressed)
    KEY2_Pressed                             0x08001ee5   Thumb Code     6  main.o(i.KEY2_Pressed)
    MQTT_Connect                             0x08001f0d   Thumb Code   502  esp8266_mqtt.o(i.MQTT_Connect)
    MQTT_PublishData                         0x08002111   Thumb Code   222  esp8266_mqtt.o(i.MQTT_PublishData)
    MQTT_SendBuf                             0x080021f9   Thumb Code     4  esp8266_mqtt.o(i.MQTT_SendBuf)
    MQTT_SubscribeTopic                      0x080021fd   Thumb Code   288  esp8266_mqtt.o(i.MQTT_SubscribeTopic)
    MX_GPIO_Init                             0x08002329   Thumb Code   220  gpio.o(i.MX_GPIO_Init)
    MX_TIM1_Init                             0x08002419   Thumb Code    96  tim.o(i.MX_TIM1_Init)
    MX_USART1_UART_Init                      0x08002481   Thumb Code    48  usart.o(i.MX_USART1_UART_Init)
    MX_USART2_UART_Init                      0x080024b9   Thumb Code    48  usart.o(i.MX_USART2_UART_Init)
    MemManage_Handler                        0x080024f1   Thumb Code     2  stm32f4xx_it.o(i.MemManage_Handler)
    NMI_Handler                              0x080024f3   Thumb Code     2  stm32f4xx_it.o(i.NMI_Handler)
    PendSV_Handler                           0x080024f5   Thumb Code     2  stm32f4xx_it.o(i.PendSV_Handler)
    ReadStrUnit                              0x080024f7   Thumb Code    24  main.o(i.ReadStrUnit)
    STM32DHT11_StatusReport                  0x08002511   Thumb Code   168  main.o(i.STM32DHT11_StatusReport)
    SVC_Handler                              0x08002625   Thumb Code     2  stm32f4xx_it.o(i.SVC_Handler)
    SysTick_Handler                          0x08002627   Thumb Code     4  stm32f4xx_it.o(i.SysTick_Handler)
    SystemClock_Config                       0x0800262d   Thumb Code   126  main.o(i.SystemClock_Config)
    SystemInit                               0x080026b5   Thumb Code    22  system_stm32f4xx.o(i.SystemInit)
    TIM1_Delay_us                            0x080026d1   Thumb Code    60  tim.o(i.TIM1_Delay_us)
    TIM_Base_SetConfig                       0x08002711   Thumb Code   156  stm32f4xx_hal_tim.o(i.TIM_Base_SetConfig)
    TIM_ETR_SetConfig                        0x080027d9   Thumb Code    20  stm32f4xx_hal_tim.o(i.TIM_ETR_SetConfig)
    USART1_IRQHandler                        0x08002af5   Thumb Code     6  stm32f4xx_it.o(i.USART1_IRQHandler)
    UsageFault_Handler                       0x08002b01   Thumb Code     2  stm32f4xx_it.o(i.UsageFault_Handler)
    __0printf                                0x08002b05   Thumb Code    22  printfa.o(i.__0printf)
    __1printf                                0x08002b05   Thumb Code     0  printfa.o(i.__0printf)
    __2printf                                0x08002b05   Thumb Code     0  printfa.o(i.__0printf)
    __c89printf                              0x08002b05   Thumb Code     0  printfa.o(i.__0printf)
    printf                                   0x08002b05   Thumb Code     0  printfa.o(i.__0printf)
    __0sprintf                               0x08002b25   Thumb Code    34  printfa.o(i.__0sprintf)
    __1sprintf                               0x08002b25   Thumb Code     0  printfa.o(i.__0sprintf)
    __2sprintf                               0x08002b25   Thumb Code     0  printfa.o(i.__0sprintf)
    __c89sprintf                             0x08002b25   Thumb Code     0  printfa.o(i.__0sprintf)
    sprintf                                  0x08002b25   Thumb Code     0  printfa.o(i.__0sprintf)
    __scatterload_copy                       0x08002b6d   Thumb Code    14  handlers.o(i.__scatterload_copy)
    __scatterload_null                       0x08002b7b   Thumb Code     2  handlers.o(i.__scatterload_null)
    __scatterload_zeroinit                   0x08002b7d   Thumb Code    14  handlers.o(i.__scatterload_zeroinit)
    deal_MQTT_message                        0x08003429   Thumb Code   278  main.o(i.deal_MQTT_message)
    delayUs                                  0x08003569   Thumb Code     6  hal_temp_hum.o(i.delayUs)
    dht11Read                                0x080035c9   Thumb Code   232  hal_temp_hum.o(i.dht11Read)
    fputc                                    0x08003751   Thumb Code    22  usart.o(i.fputc)
    main                                     0x0800376d   Thumb Code    96  main.o(i.main)
    AHBPrescTable                            0x080037fc   Data          16  system_stm32f4xx.o(.constdata)
    APBPrescTable                            0x0800380c   Data           8  system_stm32f4xx.o(.constdata)
    Region$$Table$$Base                      0x080038d8   Number         0  anon$$obj.o(Region$$Table)
    Region$$Table$$Limit                     0x080038f8   Number         0  anon$$obj.o(Region$$Table)
    uwTickFreq                               0x20000004   Data           1  stm32f4xx_hal.o(.data)
    uwTickPrio                               0x20000008   Data           4  stm32f4xx_hal.o(.data)
    uwTick                                   0x2000000c   Data           4  stm32f4xx_hal.o(.data)
    SystemCoreClock                          0x20000010   Data           4  system_stm32f4xx.o(.data)
    usart1_rxone                             0x20000014   Data           1  esp8266_at.o(.data)
    usart1_rxcounter                         0x20000015   Data           1  esp8266_at.o(.data)
    MQTT_TxLen                               0x20000018   Data           2  esp8266_mqtt.o(.data)
    __stdout                                 0x2000001c   Data           4  stdout.o(.data)
    mqtt_message                             0x20000020   Data         300  main.o(.bss)
    temp_str                                 0x2000014c   Data          30  main.o(.bss)
    htim1                                    0x2000016c   Data          64  tim.o(.bss)
    huart1                                   0x200001ac   Data          64  usart.o(.bss)
    huart2                                   0x200001ec   Data          64  usart.o(.bss)
    temphumTypedef                           0x2000022c   Data          22  hal_temp_hum.o(.bss)
    usart1_txbuf                             0x20000242   Data         256  esp8266_at.o(.bss)
    usart1_rxbuf                             0x20000342   Data         512  esp8266_at.o(.bss)
    __initial_sp                             0x20000948   Data           0  startup_stm32f429xx.o(STACK)



==============================================================================

Memory Map of the image

  Image Entry point : 0x080001ad

  Load Region LR_IROM1 (Base: 0x08000000, Size: 0x00003918, Max: 0x00100000, ABSOLUTE)

    Execution Region ER_IROM1 (Base: 0x08000000, Size: 0x000038f8, Max: 0x00100000, ABSOLUTE)

    Base Addr    Size         Type   Attr      Idx    E Section Name        Object

    0x08000000   0x000001ac   Data   RO            3    RESET               startup_stm32f429xx.o
    0x080001ac   0x00000000   Code   RO         3245  * .ARM.Collect$$$$00000000  mc_w.l(entry.o)
    0x080001ac   0x00000004   Code   RO         3525    .ARM.Collect$$$$00000001  mc_w.l(entry2.o)
    0x080001b0   0x00000004   Code   RO         3528    .ARM.Collect$$$$00000004  mc_w.l(entry5.o)
    0x080001b4   0x00000000   Code   RO         3530    .ARM.Collect$$$$00000008  mc_w.l(entry7b.o)
    0x080001b4   0x00000000   Code   RO         3532    .ARM.Collect$$$$0000000A  mc_w.l(entry8b.o)
    0x080001b4   0x00000008   Code   RO         3533    .ARM.Collect$$$$0000000B  mc_w.l(entry9a.o)
    0x080001bc   0x00000000   Code   RO         3535    .ARM.Collect$$$$0000000D  mc_w.l(entry10a.o)
    0x080001bc   0x00000000   Code   RO         3537    .ARM.Collect$$$$0000000F  mc_w.l(entry11a.o)
    0x080001bc   0x00000004   Code   RO         3526    .ARM.Collect$$$$00002712  mc_w.l(entry2.o)
    0x080001c0   0x00000024   Code   RO            4    .text               startup_stm32f429xx.o
    0x080001e4   0x00000062   Code   RO         3248    .text               mc_w.l(uldiv.o)
    0x08000246   0x00000024   Code   RO         3250    .text               mc_w.l(memcpya.o)
    0x0800026a   0x00000024   Code   RO         3252    .text               mc_w.l(memseta.o)
    0x0800028e   0x00000024   Code   RO         3254    .text               mc_w.l(strstr.o)
    0x080002b2   0x0000000e   Code   RO         3256    .text               mc_w.l(strlen.o)
    0x080002c0   0x0000001c   Code   RO         3258    .text               mc_w.l(strcmp.o)
    0x080002dc   0x0000001a   Code   RO         3523    .text               mf_w.l(dfltui.o)
    0x080002f6   0x0000002c   Code   RO         3540    .text               mc_w.l(uidiv.o)
    0x08000322   0x0000001e   Code   RO         3542    .text               mc_w.l(llshl.o)
    0x08000340   0x00000020   Code   RO         3544    .text               mc_w.l(llushr.o)
    0x08000360   0x00000000   Code   RO         3546    .text               mc_w.l(iusefp.o)
    0x08000360   0x000000ba   Code   RO         3547    .text               mf_w.l(depilogue.o)
    0x0800041a   0x0000014e   Code   RO         3549    .text               mf_w.l(dadd.o)
    0x08000568   0x000000e4   Code   RO         3551    .text               mf_w.l(dmul.o)
    0x0800064c   0x000000de   Code   RO         3553    .text               mf_w.l(ddiv.o)
    0x0800072a   0x00000030   Code   RO         3555    .text               mf_w.l(dfixul.o)
    0x0800075a   0x00000002   PAD
    0x0800075c   0x00000030   Code   RO         3557    .text               mf_w.l(cdrcmple.o)
    0x0800078c   0x00000024   Code   RO         3559    .text               mc_w.l(init.o)
    0x080007b0   0x00000024   Code   RO         3561    .text               mc_w.l(llsshr.o)
    0x080007d4   0x00000002   Code   RO          398    i.BusFault_Handler  stm32f4xx_it.o
    0x080007d6   0x00000002   PAD
    0x080007d8   0x0000009c   Code   RO           13    i.Change_LED_Status  main.o
    0x08000874   0x00000024   Code   RO         3022    i.DHT11_IO_IN       hal_temp_hum.o
    0x08000898   0x00000020   Code   RO         3023    i.DHT11_IO_OUT      hal_temp_hum.o
    0x080008b8   0x00000002   Code   RO          399    i.DebugMon_Handler  stm32f4xx_it.o
    0x080008ba   0x00000002   PAD
    0x080008bc   0x00000244   Code   RO           14    i.ES8266_MQTT_Init  main.o
    0x08000b00   0x00000034   Code   RO         3097    i.ESP8266_ATSendBuf  esp8266_at.o
    0x08000b34   0x0000003c   Code   RO         3098    i.ESP8266_ATSendString  esp8266_at.o
    0x08000b70   0x00000044   Code   RO         3099    i.ESP8266_Check     esp8266_at.o
    0x08000bb4   0x000000b8   Code   RO         3100    i.ESP8266_ConnectAP  esp8266_at.o
    0x08000c6c   0x00000108   Code   RO         3101    i.ESP8266_ConnectServer  esp8266_at.o
    0x08000d74   0x00000024   Code   RO         3102    i.ESP8266_ExitUnvarnishedTrans  esp8266_at.o
    0x08000d98   0x0000007c   Code   RO         3103    i.ESP8266_Init      esp8266_at.o
    0x08000e14   0x00000006   Code   RO          400    i.EXTI0_IRQHandler  stm32f4xx_it.o
    0x08000e1a   0x00000008   Code   RO          401    i.EXTI15_10_IRQHandler  stm32f4xx_it.o
    0x08000e22   0x00000002   PAD
    0x08000e24   0x00000164   Code   RO           15    i.Enter_ErrorMode   main.o
    0x08000f88   0x00000002   Code   RO           16    i.Error_Handler     main.o
    0x08000f8a   0x0000002e   Code   RO         3105    i.FindStr           esp8266_at.o
    0x08000fb8   0x00000048   Code   RO           17    i.GetSubStrPos      main.o
    0x08001000   0x00000024   Code   RO         1959    i.HAL_DMA_Abort_IT  stm32f4xx_hal_dma.o
    0x08001024   0x00000024   Code   RO         2395    i.HAL_Delay         stm32f4xx_hal.o
    0x08001048   0x00000014   Code   RO           18    i.HAL_GPIO_EXTI_Callback  main.o
    0x0800105c   0x00000018   Code   RO         1850    i.HAL_GPIO_EXTI_IRQHandler  stm32f4xx_hal_gpio.o
    0x08001074   0x000001d4   Code   RO         1851    i.HAL_GPIO_Init     stm32f4xx_hal_gpio.o
    0x08001248   0x0000000a   Code   RO         1853    i.HAL_GPIO_ReadPin  stm32f4xx_hal_gpio.o
    0x08001252   0x0000000a   Code   RO         1855    i.HAL_GPIO_WritePin  stm32f4xx_hal_gpio.o
    0x0800125c   0x0000000c   Code   RO         2403    i.HAL_GetTick       stm32f4xx_hal.o
    0x08001268   0x00000010   Code   RO         2409    i.HAL_IncTick       stm32f4xx_hal.o
    0x08001278   0x00000034   Code   RO         2410    i.HAL_Init          stm32f4xx_hal.o
    0x080012ac   0x00000040   Code   RO         2411    i.HAL_InitTick      stm32f4xx_hal.o
    0x080012ec   0x00000030   Code   RO          492    i.HAL_MspInit       stm32f4xx_hal_msp.o
    0x0800131c   0x0000001a   Code   RO         2258    i.HAL_NVIC_EnableIRQ  stm32f4xx_hal_cortex.o
    0x08001336   0x00000002   PAD
    0x08001338   0x00000040   Code   RO         2264    i.HAL_NVIC_SetPriority  stm32f4xx_hal_cortex.o
    0x08001378   0x00000024   Code   RO         2265    i.HAL_NVIC_SetPriorityGrouping  stm32f4xx_hal_cortex.o
    0x0800139c   0x00000070   Code   RO         2187    i.HAL_PWREx_EnableOverDrive  stm32f4xx_hal_pwr_ex.o
    0x0800140c   0x00000134   Code   RO         1445    i.HAL_RCC_ClockConfig  stm32f4xx_hal_rcc.o
    0x08001540   0x00000020   Code   RO         1452    i.HAL_RCC_GetPCLK1Freq  stm32f4xx_hal_rcc.o
    0x08001560   0x00000020   Code   RO         1453    i.HAL_RCC_GetPCLK2Freq  stm32f4xx_hal_rcc.o
    0x08001580   0x00000064   Code   RO         1454    i.HAL_RCC_GetSysClockFreq  stm32f4xx_hal_rcc.o
    0x080015e4   0x0000035c   Code   RO         1457    i.HAL_RCC_OscConfig  stm32f4xx_hal_rcc.o
    0x08001940   0x00000028   Code   RO         2269    i.HAL_SYSTICK_Config  stm32f4xx_hal_cortex.o
    0x08001968   0x00000090   Code   RO         1211    i.HAL_TIMEx_MasterConfigSynchronization  stm32f4xx_hal_tim_ex.o
    0x080019f8   0x00000036   Code   RO          518    i.HAL_TIM_Base_Init  stm32f4xx_hal_tim.o
    0x08001a2e   0x00000002   PAD
    0x08001a30   0x00000028   Code   RO          297    i.HAL_TIM_Base_MspInit  tim.o
    0x08001a58   0x000000d6   Code   RO          527    i.HAL_TIM_ConfigClockSource  stm32f4xx_hal_tim.o
    0x08001b2e   0x00000002   Code   RO         2679    i.HAL_UART_ErrorCallback  stm32f4xx_hal_uart.o
    0x08001b30   0x00000114   Code   RO         2682    i.HAL_UART_IRQHandler  stm32f4xx_hal_uart.o
    0x08001c44   0x00000062   Code   RO         2683    i.HAL_UART_Init     stm32f4xx_hal_uart.o
    0x08001ca6   0x00000002   PAD
    0x08001ca8   0x000000c0   Code   RO          345    i.HAL_UART_MspInit  usart.o
    0x08001d68   0x00000052   Code   RO         2688    i.HAL_UART_Receive_IT  stm32f4xx_hal_uart.o
    0x08001dba   0x00000002   PAD
    0x08001dbc   0x00000038   Code   RO           19    i.HAL_UART_RxCpltCallback  main.o
    0x08001df4   0x000000ba   Code   RO         2691    i.HAL_UART_Transmit  stm32f4xx_hal_uart.o
    0x08001eae   0x00000002   Code   RO         2694    i.HAL_UART_TxCpltCallback  stm32f4xx_hal_uart.o
    0x08001eb0   0x00000002   Code   RO          402    i.HardFault_Handler  stm32f4xx_it.o
    0x08001eb2   0x00000002   PAD
    0x08001eb4   0x00000030   Code   RO           20    i.KEY1_Pressed      main.o
    0x08001ee4   0x00000028   Code   RO           21    i.KEY2_Pressed      main.o
    0x08001f0c   0x00000204   Code   RO         3182    i.MQTT_Connect      esp8266_mqtt.o
    0x08002110   0x000000e8   Code   RO         3185    i.MQTT_PublishData  esp8266_mqtt.o
    0x080021f8   0x00000004   Code   RO         3186    i.MQTT_SendBuf      esp8266_mqtt.o
    0x080021fc   0x0000012c   Code   RO         3188    i.MQTT_SubscribeTopic  esp8266_mqtt.o
    0x08002328   0x000000f0   Code   RO          272    i.MX_GPIO_Init      gpio.o
    0x08002418   0x00000068   Code   RO          298    i.MX_TIM1_Init      tim.o
    0x08002480   0x00000038   Code   RO          346    i.MX_USART1_UART_Init  usart.o
    0x080024b8   0x00000038   Code   RO          347    i.MX_USART2_UART_Init  usart.o
    0x080024f0   0x00000002   Code   RO          403    i.MemManage_Handler  stm32f4xx_it.o
    0x080024f2   0x00000002   Code   RO          404    i.NMI_Handler       stm32f4xx_it.o
    0x080024f4   0x00000002   Code   RO          405    i.PendSV_Handler    stm32f4xx_it.o
    0x080024f6   0x00000018   Code   RO           22    i.ReadStrUnit       main.o
    0x0800250e   0x00000002   PAD
    0x08002510   0x00000114   Code   RO           23    i.STM32DHT11_StatusReport  main.o
    0x08002624   0x00000002   Code   RO          406    i.SVC_Handler       stm32f4xx_it.o
    0x08002626   0x00000004   Code   RO          407    i.SysTick_Handler   stm32f4xx_it.o
    0x0800262a   0x00000002   PAD
    0x0800262c   0x00000088   Code   RO           24    i.SystemClock_Config  main.o
    0x080026b4   0x0000001c   Code   RO         2985    i.SystemInit        system_stm32f4xx.o
    0x080026d0   0x00000040   Code   RO          299    i.TIM1_Delay_us     tim.o
    0x08002710   0x000000c8   Code   RO          606    i.TIM_Base_SetConfig  stm32f4xx_hal_tim.o
    0x080027d8   0x00000014   Code   RO          617    i.TIM_ETR_SetConfig  stm32f4xx_hal_tim.o
    0x080027ec   0x00000010   Code   RO          618    i.TIM_ITRx_SetConfig  stm32f4xx_hal_tim.o
    0x080027fc   0x00000022   Code   RO          624    i.TIM_TI1_ConfigInputStage  stm32f4xx_hal_tim.o
    0x0800281e   0x00000024   Code   RO          626    i.TIM_TI2_ConfigInputStage  stm32f4xx_hal_tim.o
    0x08002842   0x00000010   Code   RO         2696    i.UART_DMAAbortOnError  stm32f4xx_hal_uart.o
    0x08002852   0x0000001c   Code   RO         2706    i.UART_EndRxTransfer  stm32f4xx_hal_uart.o
    0x0800286e   0x00000096   Code   RO         2708    i.UART_Receive_IT   stm32f4xx_hal_uart.o
    0x08002904   0x00000128   Code   RO         2709    i.UART_SetConfig    stm32f4xx_hal_uart.o
    0x08002a2c   0x00000062   Code   RO         2710    i.UART_Transmit_IT  stm32f4xx_hal_uart.o
    0x08002a8e   0x00000064   Code   RO         2711    i.UART_WaitOnFlagUntilTimeout  stm32f4xx_hal_uart.o
    0x08002af2   0x00000002   PAD
    0x08002af4   0x0000000c   Code   RO          408    i.USART1_IRQHandler  stm32f4xx_it.o
    0x08002b00   0x00000002   Code   RO          409    i.UsageFault_Handler  stm32f4xx_it.o
    0x08002b02   0x00000002   PAD
    0x08002b04   0x00000020   Code   RO         3495    i.__0printf         mc_w.l(printfa.o)
    0x08002b24   0x00000028   Code   RO         3497    i.__0sprintf        mc_w.l(printfa.o)
    0x08002b4c   0x00000020   Code   RO         2271    i.__NVIC_SetPriority  stm32f4xx_hal_cortex.o
    0x08002b6c   0x0000000e   Code   RO         3565    i.__scatterload_copy  mc_w.l(handlers.o)
    0x08002b7a   0x00000002   Code   RO         3566    i.__scatterload_null  mc_w.l(handlers.o)
    0x08002b7c   0x0000000e   Code   RO         3567    i.__scatterload_zeroinit  mc_w.l(handlers.o)
    0x08002b8a   0x00000002   PAD
    0x08002b8c   0x00000164   Code   RO         3502    i._fp_digits        mc_w.l(printfa.o)
    0x08002cf0   0x000006dc   Code   RO         3503    i._printf_core      mc_w.l(printfa.o)
    0x080033cc   0x00000024   Code   RO         3504    i._printf_post_padding  mc_w.l(printfa.o)
    0x080033f0   0x0000002e   Code   RO         3505    i._printf_pre_padding  mc_w.l(printfa.o)
    0x0800341e   0x0000000a   Code   RO         3507    i._sputc            mc_w.l(printfa.o)
    0x08003428   0x00000140   Code   RO           30    i.deal_MQTT_message  main.o
    0x08003568   0x00000006   Code   RO         3024    i.delayUs           hal_temp_hum.o
    0x0800356e   0x00000002   PAD
    0x08003570   0x00000058   Code   RO         3025    i.dht11Check        hal_temp_hum.o
    0x080035c8   0x000000ec   Code   RO         3027    i.dht11Read         hal_temp_hum.o
    0x080036b4   0x0000006c   Code   RO         3028    i.dht11ReadByte     hal_temp_hum.o
    0x08003720   0x00000030   Code   RO         3029    i.dht11Rst          hal_temp_hum.o
    0x08003750   0x0000001c   Code   RO          348    i.fputc             usart.o
    0x0800376c   0x00000090   Code   RO           31    i.main              main.o
    0x080037fc   0x00000010   Data   RO         2986    .constdata          system_stm32f4xx.o
    0x0800380c   0x00000008   Data   RO         2987    .constdata          system_stm32f4xx.o
    0x08003814   0x000000c3   Data   RO           33    .conststring        main.o
    0x080038d7   0x00000001   PAD
    0x080038d8   0x00000020   Data   RO         3563    Region$$Table       anon$$obj.o


    Execution Region RW_IRAM2 (Base: 0x10000000, Size: 0x00000000, Max: 0x00010000, ABSOLUTE)

    **** No section assigned to this execution region ****


    Execution Region RW_IRAM1 (Base: 0x20000000, Size: 0x00000948, Max: 0x00030000, ABSOLUTE)

    Base Addr    Size         Type   Attr      Idx    E Section Name        Object

    0x20000000   0x00000004   Data   RW           34    .data               main.o
    0x20000004   0x0000000c   Data   RW         2417    .data               stm32f4xx_hal.o
    0x20000010   0x00000004   Data   RW         2988    .data               system_stm32f4xx.o
    0x20000014   0x00000001   Data   RW         3107    .data               esp8266_at.o
    0x20000015   0x00000001   Data   RW         3108    .data               esp8266_at.o
    0x20000016   0x00000004   Data   RW         3193    .data               esp8266_mqtt.o
    0x2000001a   0x00000002   PAD
    0x2000001c   0x00000004   Data   RW         3539    .data               mc_w.l(stdout.o)
    0x20000020   0x0000014a   Zero   RW           32    .bss                main.o
    0x2000016a   0x00000002   PAD
    0x2000016c   0x00000040   Zero   RW          300    .bss                tim.o
    0x200001ac   0x00000080   Zero   RW          349    .bss                usart.o
    0x2000022c   0x00000016   Zero   RW         3030    .bss                hal_temp_hum.o
    0x20000242   0x00000300   Zero   RW         3106    .bss                esp8266_at.o
    0x20000542   0x00000006   PAD
    0x20000548   0x00000400   Zero   RW            1    STACK               startup_stm32f429xx.o


==============================================================================

Image component sizes


      Code (inc. data)   RO Data    RW Data    ZI Data      Debug   Object Name

       834        228          0          2        768       6145   esp8266_at.o
      1052         36          0          4          0       4336   esp8266_mqtt.o
       240         20          0          0          0       1043   gpio.o
       554         26          0          0         22       5372   hal_temp_hum.o
      2230       1074        195          4        330     759014   main.o
        36          8        428          0       1024        864   startup_stm32f429xx.o
       180         28          0         12          0       9713   stm32f4xx_hal.o
       198         14          0          0          0      33767   stm32f4xx_hal_cortex.o
        36          0          0          0          0       1243   stm32f4xx_hal_dma.o
       512         60          0          0          0       3550   stm32f4xx_hal_gpio.o
        48          6          0          0          0        886   stm32f4xx_hal_msp.o
       112         14          0          0          0       1344   stm32f4xx_hal_pwr_ex.o
      1332         76          0          0          0       5180   stm32f4xx_hal_rcc.o
       574         44          0          0          0       5975   stm32f4xx_hal_tim.o
       144         28          0          0          0       1344   stm32f4xx_hal_tim_ex.o
      1334         16          0          0          0       9251   stm32f4xx_hal_uart.o
        46          6          0          0          0       5816   stm32f4xx_it.o
        28          6         24          4          0       1215   system_stm32f4xx.o
       208         22          0          0         64       2214   tim.o
       332         42          0          0        128       3051   usart.o

    ----------------------------------------------------------------------
     10056       1754        680         28       2344     861323   Object Totals
         0          0         32          0          0          0   (incl. Generated)
        26          0          1          2          8          0   (incl. Padding)

    ----------------------------------------------------------------------

      Code (inc. data)   RO Data    RW Data    ZI Data      Debug   Library Member Name

         0          0          0          0          0          0   entry.o
         0          0          0          0          0          0   entry10a.o
         0          0          0          0          0          0   entry11a.o
         8          4          0          0          0          0   entry2.o
         4          0          0          0          0          0   entry5.o
         0          0          0          0          0          0   entry7b.o
         0          0          0          0          0          0   entry8b.o
         8          4          0          0          0          0   entry9a.o
        30          0          0          0          0          0   handlers.o
        36          8          0          0          0         68   init.o
         0          0          0          0          0          0   iusefp.o
        30          0          0          0          0         68   llshl.o
        36          0          0          0          0         68   llsshr.o
        32          0          0          0          0         68   llushr.o
        36          0          0          0          0         68   memcpya.o
        36          0          0          0          0        108   memseta.o
      2276         96          0          0          0        596   printfa.o
         0          0          0          4          0          0   stdout.o
        28          0          0          0          0         76   strcmp.o
        14          0          0          0          0         68   strlen.o
        36          0          0          0          0         80   strstr.o
        44          0          0          0          0         80   uidiv.o
        98          0          0          0          0         92   uldiv.o
        48          0          0          0          0         68   cdrcmple.o
       334          0          0          0          0        148   dadd.o
       222          0          0          0          0        100   ddiv.o
       186          0          0          0          0        176   depilogue.o
        48          0          0          0          0         68   dfixul.o
        26          0          0          0          0         76   dfltui.o
       228          0          0          0          0         96   dmul.o

    ----------------------------------------------------------------------
      3848        112          0          4          0       2172   Library Totals
         4          0          0          0          0          0   (incl. Padding)

    ----------------------------------------------------------------------

      Code (inc. data)   RO Data    RW Data    ZI Data      Debug   Library Name

      2752        112          0          4          0       1440   mc_w.l
      1092          0          0          0          0        732   mf_w.l

    ----------------------------------------------------------------------
      3848        112          0          4          0       2172   Library Totals

    ----------------------------------------------------------------------

==============================================================================


      Code (inc. data)   RO Data    RW Data    ZI Data      Debug   

     13904       1866        680         32       2344     853655   Grand Totals
     13904       1866        680         32       2344     853655   ELF Image Totals
     13904       1866        680         32          0          0   ROM Totals

==============================================================================

    Total RO  Size (Code + RO Data)                14584 (  14.24kB)
    Total RW  Size (RW Data + ZI Data)              2376 (   2.32kB)
    Total ROM Size (Code + RO Data + RW Data)      14616 (  14.27kB)

==============================================================================

